
> template-app-53@1.0.0 test:e2e:maestro:dual-user
> bash ./scripts/maestro/run-dual-user-gate.sh

[08:03:03 dual-user]===== DUAL-USER GATE START =====
[08:03:03 dual-user]Preferred MAESTRO_UDID_ASSIGNER=B7B2640C-4738-4F8A-AEEE-5DF3D21D2533 (17 Pro Max)
[08:03:03 dual-user]Preferred MAESTRO_UDID_ASSIGNEE=F537DDA8-E83B-4A29-AF38-ACC8EC64F0DA (iPhone 16)
[08:03:03 dual-user]=== Sim coordination preflight ===
=== Simulator lock status ===
LOCK_DIR=/Volumes/KooDrive/InsiteApp/.cache/sim-locks
OWNER (this shell)=tristan@tristans-mini

Booted iPhones:
  B7B2640C-4738-4F8A-AEEE-5DF3D21D2533  iPhone 17 Pro Max  FREE
  F537DDA8-E83B-4A29-AF38-ACC8EC64F0DA  iPhone 16  FREE

On-disk locks:
  (none)
[08:03:04 dual-user]Claiming sim pair (fail if another chat/session holds lock or maestro is running)
LOCKED B7B2640C-4738-4F8A-AEEE-5DF3D21D2533 (iPhone 17 Pro Max) purpose=dual-user-gate-D01 owner=tristan@tristans-mini
LOCKED F537DDA8-E83B-4A29-AF38-ACC8EC64F0DA (iPhone 16) purpose=dual-user-gate-D01 owner=tristan@tristans-mini
PAIR LOCKED assigner=B7B2640C-4738-4F8A-AEEE-5DF3D21D2533 assignee=F537DDA8-E83B-4A29-AF38-ACC8EC64F0DA
[08:03:04 dual-user]Claiming shared users + project + seed namespace
LOCKED user:john.managera purpose=dual-user-gate-D01 owner=tristan@tristans-mini
LOCKED user:alice.workera1 purpose=dual-user-gate-D01 owner=tristan@tristans-mini
LOCKED project:project-a purpose=dual-user-gate-D01 owner=tristan@tristans-mini
LOCKED seed:dual-user purpose=dual-user-gate-D01 owner=tristan@tristans-mini
[08:03:04 dual-user]Assigner (John)  UDID=B7B2640C-4738-4F8A-AEEE-5DF3D21D2533
[08:03:04 dual-user]Assignee (Alice) UDID=F537DDA8-E83B-4A29-AF38-ACC8EC64F0DA
[08:03:04 dual-user]ONLY=D01  SYNC_RETRIES=1  ARTIFACT_DIR=/Volumes/KooDrive/InsiteApp/.cache/maestro-artifacts/dual-user-20260923_080303
[08:03:04 dual-user]Metro OK (attempt 1)
[08:03:04 dual-user]ENSURE dual-user project data
ENSURE_DU_PROJECT_OK project=Project A - Commercial Building inserted=0 users=john.managera@test.com,alice.workera1@test.com johnId=efaf817c-4502-4fd0-a2f4-2723c82b52bd aliceId=aebc58fa-1a20-40fb-b2d9-82209980733a
WROTE /Volumes/KooDrive/InsiteApp/.cache/maestro-du-users.env
[08:03:05 dual-user]Dual-user ids john=efaf817c… alice=aebc58fa…
[08:03:05 dual-user]ENSURE Photos assigner UDID=B7B2640C-4738-4F8A-AEEE-5DF3D21D2533
ensure-create-task-photo-media: udid=B7B2640C-4738-4F8A-AEEE-5DF3D21D2533
  media=/Volumes/KooDrive/Users/tristan/Library/Developer/CoreSimulator/Devices/B7B2640C-4738-4F8A-AEEE-5DF3D21D2533/data/Media
  need=3 unique_fixtures=3 dcim_total=3 force_purge=0
  REUSE: library already has exactly 3 distinct fixtures (total=3)
[08:03:05 dual-user]ENSURE Photos assignee UDID=F537DDA8-E83B-4A29-AF38-ACC8EC64F0DA
ensure-create-task-photo-media: udid=F537DDA8-E83B-4A29-AF38-ACC8EC64F0DA
  media=/Volumes/KooDrive/Users/tristan/Library/Developer/CoreSimulator/Devices/F537DDA8-E83B-4A29-AF38-ACC8EC64F0DA/data/Media
  need=3 unique_fixtures=3 dcim_total=3 force_purge=0
  REUSE: library already has exactly 3 distinct fixtures (total=3)
[08:03:05 dual-user]Serial boot John then Alice (set DU_PARALLEL_BOOT=1 to override)
[08:03:05 run-local.sh] Phase: maestro-launch  MAESTRO_BIN=/Volumes/KooDrive/Users/tristan/.maestro/bin/maestro  MAESTRO_LOCAL_HOME=/Volumes/KooDrive/InsiteApp/.cache/maestro-home-dual-user
[08:03:05 run-local.sh]   args: --udid B7B2640C-4738-4F8A-AEEE-5DF3D21D2533 test /Volumes/KooDrive/InsiteApp/maestro/flows/dual-user/_boot-john.yaml
[08:03:15 run-local.sh]   ALIVE pid=45589  elapsed=10s  (heartbeat every 10s)
Running on iPhone 17 Pro Max - iOS 26.0 - B7B2640C-4738-4F8A-AEEE-5DF3D21D2533
 > Flow _boot-john
Run ../create-task-photo/_boot.yaml...
  Launch app "com.buildtrack.app.local"... COMPLETED
  Run ../_dismiss-blocking-overlays.yaml...
    Run flow when "Save Password?" is visible...
[08:03:25 run-local.sh]   ALIVE pid=45589  elapsed=20s  (heartbeat every 10s)
    Run flow when "Save Password?" is visible... SKIPPED
    Run flow when "Save Password" is visible...
    Run flow when "Save Password" is visible... SKIPPED
    Run flow when "Choose how you want to add photos" is visible...
    Run flow when "Choose how you want to add photos" is visible... SKIPPED
    Run flow when "Allow Full Access" is visible...
    Run flow when "Allow Full Access" is visible... SKIPPED
    Run flow when "Allow Access to All Photos" is visible...
    Run flow when "Allow Access to All Photos" is visible... SKIPPED
    Run flow when "Allow.*Photos.*" is visible...
    Run flow when "Allow.*Photos.*" is visible... SKIPPED
    Repeat 3 times...
      Tap on (Optional) "Dismiss"... WARNED
    Repeat 3 times... COMPLETED
    Run flow when "OK" is visible...
    Run flow when "OK" is visible... SKIPPED
    Wait for animation to end within 1000 ms... COMPLETED
  Run ../_dismiss-blocking-overlays.yaml... COMPLETED
  Run flow when id: login-submit is not visible...
    Run ../_logout.yaml...
      Run _dismiss-blocking-overlays.yaml...
        Run flow when "Save Password?" is visible...
[08:03:35 run-local.sh]   ALIVE pid=45589  elapsed=30s  (heartbeat every 10s)
        Run flow when "Save Password?" is visible... SKIPPED
        Run flow when "Save Password" is visible...
        Run flow when "Save Password" is visible... SKIPPED
        Run flow when "Choose how you want to add photos" is visible...
        Run flow when "Choose how you want to add photos" is visible... SKIPPED
        Run flow when "Allow Full Access" is visible...
        Run flow when "Allow Full Access" is visible... SKIPPED
        Run flow when "Allow Access to All Photos" is visible...
        Run flow when "Allow Access to All Photos" is visible... SKIPPED
        Run flow when "Allow.*Photos.*" is visible...
        Run flow when "Allow.*Photos.*" is visible... SKIPPED
        Repeat 3 times...
          Tap on (Optional) "Dismiss"... WARNED
        Repeat 3 times... COMPLETED
        Run flow when "OK" is visible...
        Run flow when "OK" is visible... SKIPPED
        Wait for animation to end within 1000 ms... COMPLETED
      Run _dismiss-blocking-overlays.yaml... COMPLETED
      Run flow when "Are you sure you want to logout?" is visible...
[08:03:45 run-local.sh]   ALIVE pid=45589  elapsed=40s  (heartbeat every 10s)
      Run flow when "Are you sure you want to logout?" is visible... SKIPPED
      Run flow when id: login-submit is not visible...
        Tap on id: app-screen-header__profile-trigger... COMPLETED
        Assert that id: profile-menu-logout is visible... COMPLETED
        Tap on id: profile-menu-logout...[08:03:55 run-local.sh]   ALIVE pid=45589  elapsed=50s  (heartbeat every 10s)
 COMPLETED
        Assert that "Are you sure you want to logout?" is visible... COMPLETED
        Tap on "Logout", Index: 1... COMPLETED
        Run flow when "Are you sure you want to logout?" is visible...
        Run flow when "Are you sure you want to logout?" is visible... SKIPPED
        Assert that id: login-submit is visible... COMPLETED
        Wait for animation to end within 2000 ms... COMPLETED
      Run flow when id: login-submit is not visible... COMPLETED
    Run ../_logout.yaml... COMPLETED
  Run flow when id: login-submit is not visible... COMPLETED
  Assert that id: login-submit is visible... COMPLETED
  Tap on id: ^login-emailOrPhone$...[08:04:05 run-local.sh]   ALIVE pid=45589  elapsed=60s  (heartbeat every 10s)
 COMPLETED
  Erase text... COMPLETED
  Input text john.managera@test.com... COMPLETED
  Tap on id: ^login-password$... COMPLETED
  Erase text... COMPLETED
  Input text password123...[08:04:15 run-local.sh]   ALIVE pid=45589  elapsed=70s  (heartbeat every 10s)
 COMPLETED
  Tap on id: login-submit... COMPLETED
  Run flow when "Save Password?" is visible...
  Run flow when "Save Password?" is visible... SKIPPED
  Run flow when id: admin-overview-hero is visible...
  Run flow when id: admin-overview-hero is visible... SKIPPED
  Tap on (Optional) "Not Now"... WARNED
  Run flow when "Save Password?" is visible...
[08:04:25 run-local.sh]   ALIVE pid=45589  elapsed=80s  (heartbeat every 10s)
  Run flow when "Save Password?" is visible... SKIPPED
  Assert that id: dashboard-screen__root is visible... COMPLETED
  Run _assert-no-logbox.yaml...
    Wait for animation to end within 1500 ms... COMPLETED
  Run _assert-no-logbox.yaml... COMPLETED
  Assert that id: root-tab__camera_icon_surface is visible... COMPLETED
Run ../create-task-photo/_boot.yaml... COMPLETED
Run _ensure-project.yaml...
  Run ../_dismiss-blocking-overlays.yaml...
    Run flow when "Save Password?" is visible...
    Run flow when "Save Password?" is visible... SKIPPED
    Run flow when "Save Password" is visible...
    Run flow when "Save Password" is visible... SKIPPED
    Run flow when "Choose how you want to add photos" is visible...
    Run flow when "Choose how you want to add photos" is visible... SKIPPED
    Run flow when "Allow Full Access" is visible...
[08:04:35 run-local.sh]   ALIVE pid=45589  elapsed=90s  (heartbeat every 10s)
    Run flow when "Allow Full Access" is visible... SKIPPED
    Run flow when "Allow Access to All Photos" is visible...
    Run flow when "Allow Access to All Photos" is visible... SKIPPED
    Run flow when "Allow.*Photos.*" is visible...
    Run flow when "Allow.*Photos.*" is visible... SKIPPED
    Repeat 3 times...
      Tap on (Optional) "Dismiss"... WARNED
    Repeat 3 times... COMPLETED
    Run flow when "OK" is visible...
    Run flow when "OK" is visible... SKIPPED
    Wait for animation to end within 1000 ms... COMPLETED
  Run ../_dismiss-blocking-overlays.yaml... COMPLETED
  Tap on (Optional) id: root-tab__activity... COMPLETED
  Assert that id: dashboard-screen__root is visible... COMPLETED
  Run flow when ".*Project A - Commercial Building.*" is not visible...
[08:04:45 run-local.sh]   ALIVE pid=45589  elapsed=100s  (heartbeat every 10s)
  Run flow when ".*Project A - Commercial Building.*" is not visible... SKIPPED
  Assert that ".*Project A - Commercial Building.*" is visible... COMPLETED
  Run _pull-to-refresh-activity.yaml...
    Tap on id: root-tab__activity... COMPLETED
    Assert that id: dashboard-screen__root is visible... COMPLETED
    Swipe from (50%, 26%) to (50%, 78%) in 1200 ms... COMPLETED
    Wait for animation to end within 4000 ms... COMPLETED
  Run _pull-to-refresh-activity.yaml... COMPLETED
  Assert that id: dashboard-screen__project_summary_section is visible... COMPLETED
  Assert that ".*Project A - Commercial Building.*" is visible... COMPLETED
  Take screenshot du-active-project-project-a... COMPLETED
  Assert that id: dashboard-screen__root is visible... COMPLETED
  Run ../create-task-photo/_assert-no-logbox.yaml...
    Wait for animation to end within 1500 ms... COMPLETED
  Run ../create-task-photo/_assert-no-logbox.yaml... COMPLETED
Run _ensure-project.yaml... COMPLETED
Take screenshot du-boot-john-home... COMPLETED
[08:04:55 run-local.sh]   ALIVE pid=45589  elapsed=110s  (heartbeat every 10s)
[08:04:56 run-local.sh]   FINISHED pid=45589  elapsed=111s  rc=0  (PASS)
[08:04:56 run-local.sh] Phase: maestro-launch  MAESTRO_BIN=/Volumes/KooDrive/Users/tristan/.maestro/bin/maestro  MAESTRO_LOCAL_HOME=/Volumes/KooDrive/InsiteApp/.cache/maestro-home-dual-user
[08:04:56 run-local.sh]   args: --udid F537DDA8-E83B-4A29-AF38-ACC8EC64F0DA test /Volumes/KooDrive/InsiteApp/maestro/flows/dual-user/_boot-alice.yaml
Running on iPhone 16 - iOS 26.5 - F537DDA8-E83B-4A29-AF38-ACC8EC64F0DA
 > Flow _boot-alice
Run ../update-progress-photo/_boot-alice.yaml...
  Launch app "com.buildtrack.app.local"...[08:05:06 run-local.sh]   ALIVE pid=47683  elapsed=10s  (heartbeat every 10s)
 COMPLETED
  Run ../_dismiss-blocking-overlays.yaml...
    Run flow when "Save Password?" is visible...
    Run flow when "Save Password?" is visible... SKIPPED
    Run flow when "Save Password" is visible...
    Run flow when "Save Password" is visible... SKIPPED
    Run flow when "Choose how you want to add photos" is visible...
    Run flow when "Choose how you want to add photos" is visible... SKIPPED
    Run flow when "Allow Full Access" is visible...
    Run flow when "Allow Full Access" is visible... SKIPPED
    Run flow when "Allow Access to All Photos" is visible...
    Run flow when "Allow Access to All Photos" is visible... SKIPPED
    Run flow when "Allow.*Photos.*" is visible...
    Run flow when "Allow.*Photos.*" is visible... SKIPPED
    Repeat 3 times...
      Tap on (Optional) "Dismiss"...[08:05:16 run-local.sh]   ALIVE pid=47683  elapsed=20s  (heartbeat every 10s)
 WARNED
    Repeat 3 times... COMPLETED
    Run flow when "OK" is visible...
    Run flow when "OK" is visible... SKIPPED
    Wait for animation to end within 1000 ms... COMPLETED
  Run ../_dismiss-blocking-overlays.yaml... COMPLETED
  Run flow when id: login-submit is visible...
  Run flow when id: login-submit is visible... SKIPPED
  Run flow when "Save Password?" is visible...
  Run flow when "Save Password?" is visible... SKIPPED
  Tap on (Optional) "Not Now"... WARNED
  Run flow when "Save Password?" is visible...
[08:05:26 run-local.sh]   ALIVE pid=47683  elapsed=30s  (heartbeat every 10s)
  Run flow when "Save Password?" is visible... SKIPPED
  Assert that id: dashboard-screen__root is visible... COMPLETED
  Run ../create-task-photo/_assert-no-logbox.yaml...
    Wait for animation to end within 1500 ms... COMPLETED
  Run ../create-task-photo/_assert-no-logbox.yaml... COMPLETED
  Assert that id: root-tab__camera_icon_surface is visible... COMPLETED
Run ../update-progress-photo/_boot-alice.yaml... COMPLETED
Run _ensure-project.yaml...
  Run ../_dismiss-blocking-overlays.yaml...
    Run flow when "Save Password?" is visible...
    Run flow when "Save Password?" is visible... SKIPPED
    Run flow when "Save Password" is visible...
    Run flow when "Save Password" is visible... SKIPPED
    Run flow when "Choose how you want to add photos" is visible...
    Run flow when "Choose how you want to add photos" is visible... SKIPPED
    Run flow when "Allow Full Access" is visible...
    Run flow when "Allow Full Access" is visible... SKIPPED
    Run flow when "Allow Access to All Photos" is visible...
[08:05:36 run-local.sh]   ALIVE pid=47683  elapsed=40s  (heartbeat every 10s)
    Run flow when "Allow Access to All Photos" is visible... SKIPPED
    Run flow when "Allow.*Photos.*" is visible...
    Run flow when "Allow.*Photos.*" is visible... SKIPPED
    Repeat 3 times...
      Tap on (Optional) "Dismiss"... WARNED
    Repeat 3 times... COMPLETED
    Run flow when "OK" is visible...
    Run flow when "OK" is visible... SKIPPED
    Wait for animation to end within 1000 ms... COMPLETED
  Run ../_dismiss-blocking-overlays.yaml... COMPLETED
  Tap on (Optional) id: root-tab__activity... COMPLETED
  Assert that id: dashboard-screen__root is visible... COMPLETED
  Run flow when ".*Project A - Commercial Building.*" is not visible...
[08:05:46 run-local.sh]   ALIVE pid=47683  elapsed=50s  (heartbeat every 10s)
  Run flow when ".*Project A - Commercial Building.*" is not visible... SKIPPED
  Assert that ".*Project A - Commercial Building.*" is visible... COMPLETED
  Run _pull-to-refresh-activity.yaml...
    Tap on id: root-tab__activity... COMPLETED
    Assert that id: dashboard-screen__root is visible... COMPLETED
    Swipe from (50%, 26%) to (50%, 78%) in 1200 ms... COMPLETED
    Wait for animation to end within 4000 ms... COMPLETED
  Run _pull-to-refresh-activity.yaml... COMPLETED
  Assert that id: dashboard-screen__project_summary_section is visible... COMPLETED
  Assert that ".*Project A - Commercial Building.*" is visible... COMPLETED
  Take screenshot du-active-project-project-a... COMPLETED
  Assert that id: dashboard-screen__root is visible... COMPLETED
  Run ../create-task-photo/_assert-no-logbox.yaml...
    Wait for animation to end within 1500 ms... COMPLETED
  Run ../create-task-photo/_assert-no-logbox.yaml... COMPLETED
Run _ensure-project.yaml... COMPLETED
Take screenshot du-boot-alice-home... COMPLETED
[08:05:56 run-local.sh]   ALIVE pid=47683  elapsed=60s  (heartbeat every 10s)
[08:05:56 run-local.sh]   FINISHED pid=47683  elapsed=60s  rc=0  (PASS)
[08:05:56 dual-user]Serial boot PASS
[08:06:04 dual-user]===== DU-D01 decline path title=DU-D01-1790121964 =====
LOCKED title-prefix:DU-D01 purpose=dual-user-gate-D01 owner=tristan@tristans-mini
LOCKED title-prefix:DU-D01-1790121964 purpose=dual-user-gate-D01 owner=tristan@tristans-mini
[08:06:04 dual-user]Metro OK (attempt 1)
[08:06:04 dual-user]PHASE D01-create attempt=1/2 udid=B7B2640C… flow=DU-D01-assigner-create.yaml title=DU-D01-1790121964 taskId=<none>
[08:06:04 run-local.sh] Phase: maestro-launch  MAESTRO_BIN=/Volumes/KooDrive/Users/tristan/.maestro/bin/maestro  MAESTRO_LOCAL_HOME=/Volumes/KooDrive/InsiteApp/.cache/maestro-home-dual-user
[08:06:04 run-local.sh]   args: --udid B7B2640C-4738-4F8A-AEEE-5DF3D21D2533 test -e DU_TASK_TITLE=DU-D01-1790121964 /Volumes/KooDrive/InsiteApp/maestro/flows/dual-user/DU-D01-assigner-create.yaml
Running on iPhone 17 Pro Max - iOS 26.0 - B7B2640C-4738-4F8A-AEEE-5DF3D21D2533
 > Flow DU-D01-assigner-create
Run _resume-john.yaml...
  Launch app "com.buildtrack.app.local"...[08:06:14 run-local.sh]   ALIVE pid=49116  elapsed=10s  (heartbeat every 10s)
 COMPLETED
  Assert that id: app-screen-header__profile-trigger is visible... COMPLETED
  Run flow when id: login-submit is visible...
  Run flow when id: login-submit is visible... SKIPPED
  Assert that id: dashboard-screen__root is visible... COMPLETED
  Run ../create-task-photo/_assert-no-logbox.yaml...
    Wait for animation to end within 1500 ms... COMPLETED
  Run ../create-task-photo/_assert-no-logbox.yaml... COMPLETED
Run _resume-john.yaml... COMPLETED
Run _ensure-project.yaml...
  Run ../_dismiss-blocking-overlays.yaml...
    Run flow when "Save Password?" is visible...
[08:06:24 run-local.sh]   ALIVE pid=49116  elapsed=20s  (heartbeat every 10s)
    Run flow when "Save Password?" is visible... SKIPPED
    Run flow when "Save Password" is visible...
    Run flow when "Save Password" is visible... SKIPPED
    Run flow when "Choose how you want to add photos" is visible...
    Run flow when "Choose how you want to add photos" is visible... SKIPPED
    Run flow when "Allow Full Access" is visible...
    Run flow when "Allow Full Access" is visible... SKIPPED
    Run flow when "Allow Access to All Photos" is visible...
    Run flow when "Allow Access to All Photos" is visible... SKIPPED
    Run flow when "Allow.*Photos.*" is visible...
    Run flow when "Allow.*Photos.*" is visible... SKIPPED
    Repeat 3 times...
      Tap on (Optional) "Dismiss"... WARNED
    Repeat 3 times... COMPLETED
    Run flow when "OK" is visible...
    Run flow when "OK" is visible... SKIPPED
    Wait for animation to end within 1000 ms... COMPLETED
  Run ../_dismiss-blocking-overlays.yaml... COMPLETED
  Tap on (Optional) id: root-tab__activity...[08:06:34 run-local.sh]   ALIVE pid=49116  elapsed=30s  (heartbeat every 10s)
 COMPLETED
  Assert that id: dashboard-screen__root is visible... COMPLETED
  Run flow when ".*Project A - Commercial Building.*" is not visible...
  Run flow when ".*Project A - Commercial Building.*" is not visible... SKIPPED
  Assert that ".*Project A - Commercial Building.*" is visible... COMPLETED
  Run _pull-to-refresh-activity.yaml...
    Tap on id: root-tab__activity...[08:06:44 run-local.sh]   ALIVE pid=49116  elapsed=40s  (heartbeat every 10s)
 COMPLETED
    Assert that id: dashboard-screen__root is visible... COMPLETED
    Swipe from (50%, 26%) to (50%, 78%) in 1200 ms... COMPLETED
    Wait for animation to end within 4000 ms... COMPLETED
  Run _pull-to-refresh-activity.yaml... COMPLETED
  Assert that id: dashboard-screen__project_summary_section is visible... COMPLETED
  Assert that ".*Project A - Commercial Building.*" is visible... COMPLETED
  Take screenshot du-active-project-project-a... COMPLETED
  Assert that id: dashboard-screen__root is visible... COMPLETED
  Run ../create-task-photo/_assert-no-logbox.yaml...
    Wait for animation to end within 1500 ms... COMPLETED
  Run ../create-task-photo/_assert-no-logbox.yaml... COMPLETED
Run _ensure-project.yaml... COMPLETED
Run ../_dismiss-blocking-overlays.yaml...
  Run flow when "Save Password?" is visible...
[08:06:54 run-local.sh]   ALIVE pid=49116  elapsed=50s  (heartbeat every 10s)
  Run flow when "Save Password?" is visible... SKIPPED
  Run flow when "Save Password" is visible...
  Run flow when "Save Password" is visible... SKIPPED
  Run flow when "Choose how you want to add photos" is visible...
  Run flow when "Choose how you want to add photos" is visible... SKIPPED
  Run flow when "Allow Full Access" is visible...
  Run flow when "Allow Full Access" is visible... SKIPPED
  Run flow when "Allow Access to All Photos" is visible...
  Run flow when "Allow Access to All Photos" is visible... SKIPPED
  Run flow when "Allow.*Photos.*" is visible...
  Run flow when "Allow.*Photos.*" is visible... SKIPPED
  Repeat 3 times...
    Tap on (Optional) "Dismiss"... WARNED
  Repeat 3 times... COMPLETED
  Run flow when "OK" is visible...
  Run flow when "OK" is visible... SKIPPED
  Wait for animation to end within 1000 ms... COMPLETED
Run ../_dismiss-blocking-overlays.yaml... COMPLETED
Tap on id: root-tab__camera_icon_surface... COMPLETED
Wait for animation to end within 2500 ms... COMPLETED
Tap on (Optional) "Dismiss"...[08:07:04 run-local.sh]   ALIVE pid=49116  elapsed=60s  (heartbeat every 10s)
 WARNED
Assert that id: capture-session__camera is visible... COMPLETED
Take screenshot du-d01-02b-john-camera... COMPLETED
Run flow when id: capture-session__library_peek is visible...
  Tap on id: capture-session__library_peek... COMPLETED
Run flow when id: capture-session__library_peek is visible... COMPLETED
Run flow when id: capture-session__open_library_fallback is visible...
[08:07:14 run-local.sh]   ALIVE pid=49116  elapsed=70s  (heartbeat every 10s)
Run flow when id: capture-session__open_library_fallback is visible... SKIPPED
Assert that id: capture-session__hybrid_library is visible... COMPLETED
Assert that id: capture-session__library_grid is visible... COMPLETED
Wait for animation to end within 2000 ms... COMPLETED
Take screenshot du-d01-02c-john-library... COMPLETED
Tap on point (17%, 28%)... COMPLETED
Wait for animation to end within 1000 ms... COMPLETED
Run flow when ".*[1-9] selected.*" is not visible...
[08:07:24 run-local.sh]   ALIVE pid=49116  elapsed=80s  (heartbeat every 10s)
Run flow when ".*[1-9] selected.*" is not visible... SKIPPED
Assert that ".*[1-9] selected.*" is visible... COMPLETED
Tap on id: capture-session__hybrid_accept... COMPLETED
Assert that id: photo-selection__confirm is visible... COMPLETED
Take screenshot du-d01-02d-john-select-photos... COMPLETED
Tap on id: photo-selection__confirm... COMPLETED
Run flow when ".*Assign.*" is visible...
  Tap on ".*Assign.*"... COMPLETED
Run flow when ".*Assign.*" is visible... COMPLETED
Run flow when id: create-task__post_capture_routing_sheet is visible...
[08:07:34 run-local.sh]   ALIVE pid=49116  elapsed=90s  (heartbeat every 10s)
Run flow when id: create-task__post_capture_routing_sheet is visible... SKIPPED
Run flow when "Create Task" is visible...
  Tap on "Create Task"... COMPLETED
Run flow when "Create Task" is visible... COMPLETED
Assert that id: create-task__continuous_form is visible... COMPLETED
Take screenshot du-d01-03-john-form... COMPLETED
Run _assign-alice.yaml...
  Scrolling DOWN until id: create-task__assignee-picker-trigger is visible with speed 40, visibility percentage 40%, timeout 20000 ms, with centering enabled... COMPLETED
  Tap on id: create-task__assignee-picker-trigger... COMPLETED
  Assert that "Assign To" is visible... COMPLETED
  Assert that "Fetching project team members" is not visible...[08:07:44 run-local.sh]   ALIVE pid=49116  elapsed=100s  (heartbeat every 10s)
 COMPLETED
  Run flow when ".*users available.*" is visible...
    Take screenshot du-assignee-picker-open... COMPLETED
  Run flow when ".*users available.*" is visible... COMPLETED
  Assert that id: create-task__assignee-option-alice-workera1-at-test-com is visible... COMPLETED
  Take screenshot du-assignee-picker-open... COMPLETED
  Scrolling DOWN until id: create-task__assignee-option-alice-workera1-at-test-com is visible with speed 40, visibility percentage 40%, timeout 20000 ms, with centering enabled... COMPLETED
  Tap on id: create-task__assignee-option-alice-workera1-at-test-com... COMPLETED
  Tap on id: create-task__assignee-picker-done... COMPLETED
  Assert that id: create-task__selected_assignees is visible... COMPLETED
  Run flow when id: ${"create-task__set_primary_" + DU_ALICE_ID} is visible...
[08:07:54 run-local.sh]   ALIVE pid=49116  elapsed=110s  (heartbeat every 10s)
  Run flow when id: create-task__set_primary_undefined is visible... SKIPPED
  Run flow when id: ${"create-task__remove_assignee_" + DU_JOHN_ID} is visible...
  Run flow when id: create-task__remove_assignee_undefined is visible... SKIPPED
  Assert that ".*Alice Worker A1.*Primary.*" is visible... FAILED
Run _assign-alice.yaml... FAILED

Assertion is false: ".*Alice Worker A1.*Primary.*" is visible

Assertion '".*Alice Worker A1.*Primary.*" is visible' failed. Check the UI hierarchy in debug artifacts to verify the element state and properties.

Possible causes:
- Element selector may be incorrect - check if there are similar elements with slightly different names/properties.
- Element may be temporarily unavailable due to loading state
- This could be a real regression that needs to be addressed

==== Debug output (logs & screenshots) ====

/Volumes/KooDrive/InsiteApp/.cache/maestro-home-dual-user/.maestro/tests/2026-09-23_080605
[08:08:04 run-local.sh]   ALIVE pid=49116  elapsed=120s  (heartbeat every 10s)
[08:08:08 dual-user]Phase D01-create rc=1 — retry (sync/realtime backoff)
[08:08:16 dual-user]Metro OK (attempt 1)
[08:08:16 dual-user]PHASE D01-create attempt=2/2 udid=B7B2640C… flow=DU-D01-assigner-create.yaml title=DU-D01-1790121964 taskId=<none>
[08:08:16 run-local.sh] Phase: maestro-launch  MAESTRO_BIN=/Volumes/KooDrive/Users/tristan/.maestro/bin/maestro  MAESTRO_LOCAL_HOME=/Volumes/KooDrive/InsiteApp/.cache/maestro-home-dual-user
[08:08:16 run-local.sh]   args: --udid B7B2640C-4738-4F8A-AEEE-5DF3D21D2533 test -e DU_TASK_TITLE=DU-D01-1790121964 /Volumes/KooDrive/InsiteApp/maestro/flows/dual-user/DU-D01-assigner-create.yaml
Running on iPhone 17 Pro Max - iOS 26.0 - B7B2640C-4738-4F8A-AEEE-5DF3D21D2533
 > Flow DU-D01-assigner-create
Run _resume-john.yaml...
  Launch app "com.buildtrack.app.local"... COMPLETED
  Assert that id: app-screen-header__profile-trigger is visible...[08:08:26 run-local.sh]   ALIVE pid=51622  elapsed=10s  (heartbeat every 10s)
 COMPLETED
  Run flow when id: login-submit is visible...
  Run flow when id: login-submit is visible... SKIPPED
  Assert that id: dashboard-screen__root is visible... COMPLETED
  Run ../create-task-photo/_assert-no-logbox.yaml...
    Wait for animation to end within 1500 ms... COMPLETED
  Run ../create-task-photo/_assert-no-logbox.yaml... COMPLETED
Run _resume-john.yaml... COMPLETED
Run _ensure-project.yaml...
  Run ../_dismiss-blocking-overlays.yaml...
    Run flow when "Save Password?" is visible...
[08:08:36 run-local.sh]   ALIVE pid=51622  elapsed=20s  (heartbeat every 10s)
    Run flow when "Save Password?" is visible... SKIPPED
    Run flow when "Save Password" is visible...
    Run flow when "Save Password" is visible... SKIPPED
    Run flow when "Choose how you want to add photos" is visible...
    Run flow when "Choose how you want to add photos" is visible... SKIPPED
    Run flow when "Allow Full Access" is visible...
    Run flow when "Allow Full Access" is visible... SKIPPED
    Run flow when "Allow Access to All Photos" is visible...
    Run flow when "Allow Access to All Photos" is visible... SKIPPED
    Run flow when "Allow.*Photos.*" is visible...
    Run flow when "Allow.*Photos.*" is visible... SKIPPED
    Repeat 3 times...
      Tap on (Optional) "Dismiss"... WARNED
    Repeat 3 times... COMPLETED
    Run flow when "OK" is visible...
    Run flow when "OK" is visible... SKIPPED
    Wait for animation to end within 1000 ms...[08:08:46 run-local.sh]   ALIVE pid=51622  elapsed=30s  (heartbeat every 10s)
 COMPLETED
  Run ../_dismiss-blocking-overlays.yaml... COMPLETED
  Tap on (Optional) id: root-tab__activity... COMPLETED
  Assert that id: dashboard-screen__root is visible... COMPLETED
  Run flow when ".*Project A - Commercial Building.*" is not visible...
  Run flow when ".*Project A - Commercial Building.*" is not visible... SKIPPED
  Assert that ".*Project A - Commercial Building.*" is visible... COMPLETED
  Run _pull-to-refresh-activity.yaml...
    Tap on id: root-tab__activity... COMPLETED
    Assert that id: dashboard-screen__root is visible... COMPLETED
    Swipe from (50%, 26%) to (50%, 78%) in 1200 ms...[08:08:56 run-local.sh]   ALIVE pid=51622  elapsed=40s  (heartbeat every 10s)
 COMPLETED
    Wait for animation to end within 4000 ms... COMPLETED
  Run _pull-to-refresh-activity.yaml... COMPLETED
  Assert that id: dashboard-screen__project_summary_section is visible... COMPLETED
  Assert that ".*Project A - Commercial Building.*" is visible... COMPLETED
  Take screenshot du-active-project-project-a... COMPLETED
  Assert that id: dashboard-screen__root is visible... COMPLETED
  Run ../create-task-photo/_assert-no-logbox.yaml...
    Wait for animation to end within 1500 ms... COMPLETED
  Run ../create-task-photo/_assert-no-logbox.yaml... COMPLETED
Run _ensure-project.yaml... COMPLETED
Run ../_dismiss-blocking-overlays.yaml...
  Run flow when "Save Password?" is visible...
[08:09:06 run-local.sh]   ALIVE pid=51622  elapsed=50s  (heartbeat every 10s)
  Run flow when "Save Password?" is visible... SKIPPED
  Run flow when "Save Password" is visible...
  Run flow when "Save Password" is visible... SKIPPED
  Run flow when "Choose how you want to add photos" is visible...
  Run flow when "Choose how you want to add photos" is visible... SKIPPED
  Run flow when "Allow Full Access" is visible...
  Run flow when "Allow Full Access" is visible... SKIPPED
  Run flow when "Allow Access to All Photos" is visible...
  Run flow when "Allow Access to All Photos" is visible... SKIPPED
  Run flow when "Allow.*Photos.*" is visible...
  Run flow when "Allow.*Photos.*" is visible... SKIPPED
  Repeat 3 times...
    Tap on (Optional) "Dismiss"... WARNED
  Repeat 3 times... COMPLETED
  Run flow when "OK" is visible...
  Run flow when "OK" is visible... SKIPPED
  Wait for animation to end within 1000 ms... COMPLETED
Run ../_dismiss-blocking-overlays.yaml... COMPLETED
Tap on id: root-tab__camera_icon_surface... COMPLETED
Wait for animation to end within 2500 ms... COMPLETED
Tap on (Optional) "Dismiss"...[08:09:16 run-local.sh]   ALIVE pid=51622  elapsed=60s  (heartbeat every 10s)
 WARNED
Assert that id: capture-session__camera is visible... COMPLETED
Take screenshot du-d01-02b-john-camera... COMPLETED
Run flow when id: capture-session__library_peek is visible...
  Tap on id: capture-session__library_peek... COMPLETED
Run flow when id: capture-session__library_peek is visible... COMPLETED
Run flow when id: capture-session__open_library_fallback is visible...
[08:09:26 run-local.sh]   ALIVE pid=51622  elapsed=70s  (heartbeat every 10s)
Run flow when id: capture-session__open_library_fallback is visible... SKIPPED
Assert that id: capture-session__hybrid_library is visible... COMPLETED
Assert that id: capture-session__library_grid is visible... COMPLETED
Wait for animation to end within 2000 ms... COMPLETED
Take screenshot du-d01-02c-john-library... COMPLETED
Tap on point (17%, 28%)... COMPLETED
Wait for animation to end within 1000 ms... COMPLETED
Run flow when ".*[1-9] selected.*" is not visible...
[08:09:36 run-local.sh]   ALIVE pid=51622  elapsed=80s  (heartbeat every 10s)
Run flow when ".*[1-9] selected.*" is not visible... SKIPPED
Assert that ".*[1-9] selected.*" is visible... COMPLETED
Tap on id: capture-session__hybrid_accept... COMPLETED
Assert that id: photo-selection__confirm is visible... COMPLETED
Take screenshot du-d01-02d-john-select-photos... COMPLETED
Tap on id: photo-selection__confirm... COMPLETED
Run flow when ".*Assign.*" is visible...
  Tap on ".*Assign.*"... COMPLETED
Run flow when ".*Assign.*" is visible... COMPLETED
Run flow when id: create-task__post_capture_routing_sheet is visible...
[08:09:46 run-local.sh]   ALIVE pid=51622  elapsed=90s  (heartbeat every 10s)
Run flow when id: create-task__post_capture_routing_sheet is visible... SKIPPED
Run flow when "Create Task" is visible...
  Tap on "Create Task"... COMPLETED
Run flow when "Create Task" is visible... COMPLETED
Assert that id: create-task__continuous_form is visible... COMPLETED
Take screenshot du-d01-03-john-form... COMPLETED
Run _assign-alice.yaml...
  Scrolling DOWN until id: create-task__assignee-picker-trigger is visible with speed 40, visibility percentage 40%, timeout 20000 ms, with centering enabled... COMPLETED
  Tap on id: create-task__assignee-picker-trigger... COMPLETED
  Assert that "Assign To" is visible... COMPLETED
  Assert that "Fetching project team members" is not visible... COMPLETED
  Run flow when ".*users available.*" is visible...
    Take screenshot du-assignee-picker-open... COMPLETED
  Run flow when ".*users available.*" is visible... COMPLETED
  Assert that id: create-task__assignee-option-alice-workera1-at-test-com is visible...[08:09:56 run-local.sh]   ALIVE pid=51622  elapsed=100s  (heartbeat every 10s)
 COMPLETED
  Take screenshot du-assignee-picker-open... COMPLETED
  Scrolling DOWN until id: create-task__assignee-option-alice-workera1-at-test-com is visible with speed 40, visibility percentage 40%, timeout 20000 ms, with centering enabled... COMPLETED
  Tap on id: create-task__assignee-option-alice-workera1-at-test-com... COMPLETED
  Tap on id: create-task__assignee-picker-done... COMPLETED
  Assert that id: create-task__selected_assignees is visible... COMPLETED
  Run flow when id: ${"create-task__set_primary_" + DU_ALICE_ID} is visible...
[08:10:06 run-local.sh]   ALIVE pid=51622  elapsed=110s  (heartbeat every 10s)
  Run flow when id: create-task__set_primary_undefined is visible... SKIPPED
  Run flow when id: ${"create-task__remove_assignee_" + DU_JOHN_ID} is visible...
  Run flow when id: create-task__remove_assignee_undefined is visible... SKIPPED
  Assert that ".*Alice Worker A1.*Primary.*" is visible... FAILED
Run _assign-alice.yaml... FAILED

Assertion is false: ".*Alice Worker A1.*Primary.*" is visible

Assertion '".*Alice Worker A1.*Primary.*" is visible' failed. Check the UI hierarchy in debug artifacts to verify the element state and properties.

Possible causes:
- Element selector may be incorrect - check if there are similar elements with slightly different names/properties.
- Element may be temporarily unavailable due to loading state
- This could be a real regression that needs to be addressed

==== Debug output (logs & screenshots) ====

/Volumes/KooDrive/InsiteApp/.cache/maestro-home-dual-user/.maestro/tests/2026-09-23_080817
[08:10:13 dual-user]Phase D01-create FAIL rc=1
[08:10:13 dual-user]===== DUAL-USER GATE FAIL rc=1 =====
[08:10:13 dual-user]Artifacts: /Volumes/KooDrive/InsiteApp/.cache/maestro-artifacts/dual-user-20260923_080303
RELEASED project:project-a
RELEASED seed:dual-user
RELEASED title-prefix:DU-D01-1790121964
RELEASED title-prefix:DU-D01
RELEASED user:alice.workera1
RELEASED user:john.managera
Released 6 resource lock(s) for owner=tristan@tristans-mini
RELEASED B7B2640C-4738-4F8A-AEEE-5DF3D21D2533
RELEASED F537DDA8-E83B-4A29-AF38-ACC8EC64F0DA
Released 2 lock(s) for owner=tristan@tristans-mini
