
> template-app-53@1.0.0 test:e2e:maestro:dual-user
> bash ./scripts/maestro/run-dual-user-gate.sh

[08:52:48 dual-user]===== DUAL-USER GATE START =====
[08:52:48 dual-user]Preferred MAESTRO_UDID_ASSIGNER=B7B2640C-4738-4F8A-AEEE-5DF3D21D2533 (17 Pro Max)
[08:52:48 dual-user]Preferred MAESTRO_UDID_ASSIGNEE=F537DDA8-E83B-4A29-AF38-ACC8EC64F0DA (iPhone 16)
[08:52:48 dual-user]=== Sim coordination preflight ===
=== Simulator lock status ===
LOCK_DIR=/Volumes/KooDrive/InsiteApp/.cache/sim-locks
OWNER (this shell)=tristan@tristans-mini

Booted iPhones:
  B7B2640C-4738-4F8A-AEEE-5DF3D21D2533  iPhone 17 Pro Max  FREE
  F537DDA8-E83B-4A29-AF38-ACC8EC64F0DA  iPhone 16  FREE

On-disk locks:
  (none)
[08:52:49 dual-user]Claiming sim pair (fail if another chat/session holds lock or maestro is running)
LOCKED B7B2640C-4738-4F8A-AEEE-5DF3D21D2533 (iPhone 17 Pro Max) purpose=dual-user-gate-ALL owner=tristan@tristans-mini
LOCKED F537DDA8-E83B-4A29-AF38-ACC8EC64F0DA (iPhone 16) purpose=dual-user-gate-ALL owner=tristan@tristans-mini
PAIR LOCKED assigner=B7B2640C-4738-4F8A-AEEE-5DF3D21D2533 assignee=F537DDA8-E83B-4A29-AF38-ACC8EC64F0DA
[08:52:49 dual-user]Claiming shared users + project + seed namespace
LOCKED user:john.managera purpose=dual-user-gate-ALL owner=tristan@tristans-mini
LOCKED user:alice.workera1 purpose=dual-user-gate-ALL owner=tristan@tristans-mini
LOCKED project:project-a purpose=dual-user-gate-ALL owner=tristan@tristans-mini
LOCKED seed:dual-user purpose=dual-user-gate-ALL owner=tristan@tristans-mini
[08:52:49 dual-user]Assigner (John)  UDID=B7B2640C-4738-4F8A-AEEE-5DF3D21D2533
[08:52:49 dual-user]Assignee (Alice) UDID=F537DDA8-E83B-4A29-AF38-ACC8EC64F0DA
[08:52:49 dual-user]ONLY=ALL  SYNC_RETRIES=1  ARTIFACT_DIR=/Volumes/KooDrive/InsiteApp/.cache/maestro-artifacts/dual-user-20260923_085248
[08:52:49 dual-user]Metro OK (attempt 1)
[08:52:49 dual-user]ENSURE dual-user project data
ENSURE_DU_PROJECT_OK project=Project A - Commercial Building inserted=0 users=john.managera@test.com,alice.workera1@test.com johnId=efaf817c-4502-4fd0-a2f4-2723c82b52bd aliceId=aebc58fa-1a20-40fb-b2d9-82209980733a
WROTE /Volumes/KooDrive/InsiteApp/.cache/maestro-du-users.env
[08:52:50 dual-user]Dual-user ids john=efaf817c… alice=aebc58fa…
[08:52:50 dual-user]ENSURE Photos assigner UDID=B7B2640C-4738-4F8A-AEEE-5DF3D21D2533
ensure-create-task-photo-media: udid=B7B2640C-4738-4F8A-AEEE-5DF3D21D2533
  media=/Volumes/KooDrive/Users/tristan/Library/Developer/CoreSimulator/Devices/B7B2640C-4738-4F8A-AEEE-5DF3D21D2533/data/Media
  need=3 unique_fixtures=3 dcim_total=3 force_purge=0
  REUSE: library already has exactly 3 distinct fixtures (total=3)
[08:52:50 dual-user]ENSURE Photos assignee UDID=F537DDA8-E83B-4A29-AF38-ACC8EC64F0DA
ensure-create-task-photo-media: udid=F537DDA8-E83B-4A29-AF38-ACC8EC64F0DA
  media=/Volumes/KooDrive/Users/tristan/Library/Developer/CoreSimulator/Devices/F537DDA8-E83B-4A29-AF38-ACC8EC64F0DA/data/Media
  need=3 unique_fixtures=3 dcim_total=3 force_purge=0
  REUSE: library already has exactly 3 distinct fixtures (total=3)
[08:52:50 dual-user]Serial boot John then Alice (set DU_PARALLEL_BOOT=1 to override)
[08:52:50 run-local.sh] Phase: maestro-launch  MAESTRO_BIN=/Volumes/KooDrive/Users/tristan/.maestro/bin/maestro  MAESTRO_LOCAL_HOME=/Volumes/KooDrive/InsiteApp/.cache/maestro-home-dual-user
[08:52:50 run-local.sh]   args: --udid B7B2640C-4738-4F8A-AEEE-5DF3D21D2533 test /Volumes/KooDrive/InsiteApp/maestro/flows/dual-user/_boot-john.yaml
Running on iPhone 17 Pro Max - iOS 26.0 - B7B2640C-4738-4F8A-AEEE-5DF3D21D2533
 > Flow _boot-john
[08:53:00 run-local.sh]   ALIVE pid=73176  elapsed=10s  (heartbeat every 10s)
Run ../create-task-photo/_boot.yaml...
  Launch app "com.buildtrack.app.local"... COMPLETED
  Run ../_dismiss-blocking-overlays.yaml...
    Run flow when "Save Password?" is visible...
[08:53:10 run-local.sh]   ALIVE pid=73176  elapsed=20s  (heartbeat every 10s)
    Run flow when "Save Password?" is visible... SKIPPED
    Run flow when "Save Password" is visible...
    Run flow when "Save Password" is visible... SKIPPED
    Run flow when "Choose how you want to add photos" is visible...
    Run flow when "Choose how you want to add photos" is visible... SKIPPED
    Run flow when "Allow Full Access" is visible...
    Run flow when "Allow Full Access" is visible... SKIPPED
    Run flow when "Allow Access to All Photos" is visible...
    Run flow when "Allow Access to All Photos" is visible... SKIPPED
    Run flow when "Allow.*Photos.*" is visible...
    Run flow when "Allow.*Photos.*" is visible... SKIPPED
    Repeat 3 times...
      Tap on (Optional) "Dismiss"... WARNED
    Repeat 3 times... COMPLETED
    Run flow when "OK" is visible...
    Run flow when "OK" is visible... SKIPPED
    Wait for animation to end within 1000 ms... COMPLETED
  Run ../_dismiss-blocking-overlays.yaml... COMPLETED
  Run flow when id: login-submit is not visible...
    Run ../_logout.yaml...
      Run _dismiss-blocking-overlays.yaml...
        Run flow when "Save Password?" is visible...
[08:53:20 run-local.sh]   ALIVE pid=73176  elapsed=30s  (heartbeat every 10s)
        Run flow when "Save Password?" is visible... SKIPPED
        Run flow when "Save Password" is visible...
        Run flow when "Save Password" is visible... SKIPPED
        Run flow when "Choose how you want to add photos" is visible...
        Run flow when "Choose how you want to add photos" is visible... SKIPPED
        Run flow when "Allow Full Access" is visible...
        Run flow when "Allow Full Access" is visible... SKIPPED
        Run flow when "Allow Access to All Photos" is visible...
        Run flow when "Allow Access to All Photos" is visible... SKIPPED
        Run flow when "Allow.*Photos.*" is visible...
        Run flow when "Allow.*Photos.*" is visible... SKIPPED
        Repeat 3 times...
          Tap on (Optional) "Dismiss"... WARNED
        Repeat 3 times... COMPLETED
        Run flow when "OK" is visible...
        Run flow when "OK" is visible... SKIPPED
        Wait for animation to end within 1000 ms... COMPLETED
      Run _dismiss-blocking-overlays.yaml... COMPLETED
      Run flow when "Are you sure you want to logout?" is visible...
[08:53:30 run-local.sh]   ALIVE pid=73176  elapsed=40s  (heartbeat every 10s)
      Run flow when "Are you sure you want to logout?" is visible... SKIPPED
      Run flow when id: login-submit is not visible...
        Tap on id: app-screen-header__profile-trigger... COMPLETED
        Assert that id: profile-menu-logout is visible... COMPLETED
        Tap on id: profile-menu-logout... COMPLETED
        Assert that "Are you sure you want to logout?" is visible... COMPLETED
        Tap on "Logout", Index: 1...[08:53:40 run-local.sh]   ALIVE pid=73176  elapsed=50s  (heartbeat every 10s)
 COMPLETED
        Run flow when "Are you sure you want to logout?" is visible...
        Run flow when "Are you sure you want to logout?" is visible... SKIPPED
        Assert that id: login-submit is visible... COMPLETED
        Wait for animation to end within 2000 ms... COMPLETED
      Run flow when id: login-submit is not visible... COMPLETED
    Run ../_logout.yaml... COMPLETED
  Run flow when id: login-submit is not visible... COMPLETED
  Assert that id: login-submit is visible... COMPLETED
  Tap on id: ^login-emailOrPhone$...[08:53:50 run-local.sh]   ALIVE pid=73176  elapsed=60s  (heartbeat every 10s)
 COMPLETED
  Erase text... COMPLETED
  Input text john.managera@test.com... COMPLETED
  Tap on id: ^login-password$... COMPLETED
  Erase text... COMPLETED
  Input text password123...[08:54:00 run-local.sh]   ALIVE pid=73176  elapsed=70s  (heartbeat every 10s)
 COMPLETED
  Tap on id: login-submit... COMPLETED
  Run flow when "Save Password?" is visible...
  Run flow when "Save Password?" is visible... SKIPPED
  Run flow when id: admin-overview-hero is visible...
  Run flow when id: admin-overview-hero is visible... SKIPPED
  Tap on (Optional) "Not Now"... WARNED
  Run flow when "Save Password?" is visible...
[08:54:10 run-local.sh]   ALIVE pid=73176  elapsed=80s  (heartbeat every 10s)
  Run flow when "Save Password?" is visible... SKIPPED
  Assert that id: dashboard-screen__root is visible... COMPLETED
  Run _assert-no-logbox.yaml...
    Wait for animation to end within 1500 ms... COMPLETED
  Run _assert-no-logbox.yaml... COMPLETED
  Assert that id: root-tab__camera_icon_surface is visible... COMPLETED
Run ../create-task-photo/_boot.yaml... COMPLETED
Run _ensure-project.yaml...
  Run ../_dismiss-blocking-overlays.yaml...
    Run flow when "Save Password?" is visible...
    Run flow when "Save Password?" is visible... SKIPPED
    Run flow when "Save Password" is visible...
    Run flow when "Save Password" is visible... SKIPPED
    Run flow when "Choose how you want to add photos" is visible...
    Run flow when "Choose how you want to add photos" is visible... SKIPPED
    Run flow when "Allow Full Access" is visible...
    Run flow when "Allow Full Access" is visible... SKIPPED
    Run flow when "Allow Access to All Photos" is visible...
    Run flow when "Allow Access to All Photos" is visible... SKIPPED
    Run flow when "Allow.*Photos.*" is visible...
[08:54:20 run-local.sh]   ALIVE pid=73176  elapsed=90s  (heartbeat every 10s)
    Run flow when "Allow.*Photos.*" is visible... SKIPPED
    Repeat 3 times...
      Tap on (Optional) "Dismiss"... WARNED
    Repeat 3 times... COMPLETED
    Run flow when "OK" is visible...
    Run flow when "OK" is visible... SKIPPED
    Wait for animation to end within 1000 ms... COMPLETED
  Run ../_dismiss-blocking-overlays.yaml... COMPLETED
  Tap on (Optional) id: root-tab__activity... COMPLETED
  Assert that id: dashboard-screen__root is visible... COMPLETED
  Run flow when ".*Project A - Commercial Building.*" is not visible...
[08:54:30 run-local.sh]   ALIVE pid=73176  elapsed=100s  (heartbeat every 10s)
  Run flow when ".*Project A - Commercial Building.*" is not visible... SKIPPED
  Assert that ".*Project A - Commercial Building.*" is visible... COMPLETED
  Run _pull-to-refresh-activity.yaml...
    Tap on id: root-tab__activity... COMPLETED
    Assert that id: dashboard-screen__root is visible... COMPLETED
    Swipe from (50%, 26%) to (50%, 78%) in 1200 ms... COMPLETED
    Wait for animation to end within 4000 ms... COMPLETED
  Run _pull-to-refresh-activity.yaml... COMPLETED
  Assert that id: dashboard-screen__project_summary_section is visible... COMPLETED
  Assert that ".*Project A - Commercial Building.*" is visible... COMPLETED
  Take screenshot du-active-project-project-a... COMPLETED
  Assert that id: dashboard-screen__root is visible... COMPLETED
  Run ../create-task-photo/_assert-no-logbox.yaml...
    Wait for animation to end within 1500 ms... COMPLETED
  Run ../create-task-photo/_assert-no-logbox.yaml... COMPLETED
Run _ensure-project.yaml... COMPLETED
Take screenshot du-boot-john-home... COMPLETED
[08:54:40 run-local.sh]   ALIVE pid=73176  elapsed=110s  (heartbeat every 10s)
[08:54:42 run-local.sh]   FINISHED pid=73176  elapsed=112s  rc=0  (PASS)
[08:54:42 run-local.sh] Phase: maestro-launch  MAESTRO_BIN=/Volumes/KooDrive/Users/tristan/.maestro/bin/maestro  MAESTRO_LOCAL_HOME=/Volumes/KooDrive/InsiteApp/.cache/maestro-home-dual-user
[08:54:42 run-local.sh]   args: --udid F537DDA8-E83B-4A29-AF38-ACC8EC64F0DA test /Volumes/KooDrive/InsiteApp/maestro/flows/dual-user/_boot-alice.yaml
[08:54:52 run-local.sh]   ALIVE pid=75261  elapsed=10s  (heartbeat every 10s)
Running on iPhone 16 - iOS 26.5 - F537DDA8-E83B-4A29-AF38-ACC8EC64F0DA
 > Flow _boot-alice
Run ../update-progress-photo/_boot-alice.yaml...
  Launch app "com.buildtrack.app.local"... COMPLETED
  Run ../_dismiss-blocking-overlays.yaml...
    Run flow when "Save Password?" is visible...
[08:55:02 run-local.sh]   ALIVE pid=75261  elapsed=20s  (heartbeat every 10s)
    Run flow when "Save Password?" is visible... SKIPPED
    Run flow when "Save Password" is visible...
    Run flow when "Save Password" is visible... SKIPPED
    Run flow when "Choose how you want to add photos" is visible...
    Run flow when "Choose how you want to add photos" is visible... SKIPPED
    Run flow when "Allow Full Access" is visible...
    Run flow when "Allow Full Access" is visible... SKIPPED
    Run flow when "Allow Access to All Photos" is visible...
    Run flow when "Allow Access to All Photos" is visible... SKIPPED
    Run flow when "Allow.*Photos.*" is visible...
    Run flow when "Allow.*Photos.*" is visible... SKIPPED
    Repeat 3 times...
      Tap on (Optional) "Dismiss"... WARNED
    Repeat 3 times... COMPLETED
    Run flow when "OK" is visible...
    Run flow when "OK" is visible... SKIPPED
    Wait for animation to end within 1000 ms...[08:55:12 run-local.sh]   ALIVE pid=75261  elapsed=30s  (heartbeat every 10s)
 COMPLETED
  Run ../_dismiss-blocking-overlays.yaml... COMPLETED
  Run flow when id: login-submit is visible...
  Run flow when id: login-submit is visible... SKIPPED
  Run flow when "Save Password?" is visible...
  Run flow when "Save Password?" is visible... SKIPPED
  Tap on (Optional) "Not Now"... WARNED
  Run flow when "Save Password?" is visible...
  Run flow when "Save Password?" is visible... SKIPPED
  Assert that id: dashboard-screen__root is visible... COMPLETED
  Run ../create-task-photo/_assert-no-logbox.yaml...
    Wait for animation to end within 1500 ms... COMPLETED
  Run ../create-task-photo/_assert-no-logbox.yaml... COMPLETED
  Assert that id: root-tab__camera_icon_surface is visible... COMPLETED
Run ../update-progress-photo/_boot-alice.yaml... COMPLETED
Run _ensure-project.yaml...
  Run ../_dismiss-blocking-overlays.yaml...
    Run flow when "Save Password?" is visible...
[08:55:22 run-local.sh]   ALIVE pid=75261  elapsed=40s  (heartbeat every 10s)
    Run flow when "Save Password?" is visible... SKIPPED
    Run flow when "Save Password" is visible...
    Run flow when "Save Password" is visible... SKIPPED
    Run flow when "Choose how you want to add photos" is visible...
    Run flow when "Choose how you want to add photos" is visible... SKIPPED
    Run flow when "Allow Full Access" is visible...
    Run flow when "Allow Full Access" is visible... SKIPPED
    Run flow when "Allow Access to All Photos" is visible...
    Run flow when "Allow Access to All Photos" is visible... SKIPPED
    Run flow when "Allow.*Photos.*" is visible...
    Run flow when "Allow.*Photos.*" is visible... SKIPPED
    Repeat 3 times...
      Tap on (Optional) "Dismiss"... WARNED
[08:55:32 run-local.sh]   ALIVE pid=75261  elapsed=50s  (heartbeat every 10s)
    Repeat 3 times... COMPLETED
    Run flow when "OK" is visible...
    Run flow when "OK" is visible... SKIPPED
    Wait for animation to end within 1000 ms... COMPLETED
  Run ../_dismiss-blocking-overlays.yaml... COMPLETED
  Tap on (Optional) id: root-tab__activity... COMPLETED
  Assert that id: dashboard-screen__root is visible... COMPLETED
  Run flow when ".*Project A - Commercial Building.*" is not visible...
  Run flow when ".*Project A - Commercial Building.*" is not visible... SKIPPED
  Assert that ".*Project A - Commercial Building.*" is visible... COMPLETED
  Run _pull-to-refresh-activity.yaml...
    Tap on id: root-tab__activity...[08:55:42 run-local.sh]   ALIVE pid=75261  elapsed=60s  (heartbeat every 10s)
 COMPLETED
    Assert that id: dashboard-screen__root is visible... COMPLETED
    Swipe from (50%, 26%) to (50%, 78%) in 1200 ms... COMPLETED
    Wait for animation to end within 4000 ms... COMPLETED
  Run _pull-to-refresh-activity.yaml... COMPLETED
  Assert that id: dashboard-screen__project_summary_section is visible... COMPLETED
  Assert that ".*Project A - Commercial Building.*" is visible... COMPLETED
  Take screenshot du-active-project-project-a... COMPLETED
  Assert that id: dashboard-screen__root is visible... COMPLETED
  Run ../create-task-photo/_assert-no-logbox.yaml...
    Wait for animation to end within 1500 ms... COMPLETED
  Run ../create-task-photo/_assert-no-logbox.yaml... COMPLETED
Run _ensure-project.yaml... COMPLETED
Take screenshot du-boot-alice-home... COMPLETED
[08:55:52 run-local.sh]   ALIVE pid=75261  elapsed=70s  (heartbeat every 10s)
[08:55:54 run-local.sh]   FINISHED pid=75261  elapsed=72s  rc=0  (PASS)
[08:55:54 dual-user]Serial boot PASS
[08:56:02 dual-user]===== DU-H01 happy path title=DU-H01-1790124962 =====
LOCKED title-prefix:DU-H01 purpose=dual-user-gate-ALL owner=tristan@tristans-mini
LOCKED title-prefix:DU-H01-1790124962 purpose=dual-user-gate-ALL owner=tristan@tristans-mini
[08:56:02 dual-user]Metro OK (attempt 1)
[08:56:02 dual-user]PHASE H01-create attempt=1/2 udid=B7B2640C… flow=DU-H01-assigner-create.yaml title=DU-H01-1790124962 taskId=<none>
[08:56:02 run-local.sh] Phase: maestro-launch  MAESTRO_BIN=/Volumes/KooDrive/Users/tristan/.maestro/bin/maestro  MAESTRO_LOCAL_HOME=/Volumes/KooDrive/InsiteApp/.cache/maestro-home-dual-user
[08:56:02 run-local.sh]   args: --udid B7B2640C-4738-4F8A-AEEE-5DF3D21D2533 test -e DU_TASK_TITLE=DU-H01-1790124962 -e DU_JOHN_ID=efaf817c-4502-4fd0-a2f4-2723c82b52bd -e DU_ALICE_ID=aebc58fa-1a20-40fb-b2d9-82209980733a /Volumes/KooDrive/InsiteApp/maestro/flows/dual-user/DU-H01-assigner-create.yaml
[08:56:12 run-local.sh]   ALIVE pid=76904  elapsed=10s  (heartbeat every 10s)
Running on iPhone 17 Pro Max - iOS 26.0 - B7B2640C-4738-4F8A-AEEE-5DF3D21D2533
 > Flow DU-H01-assigner-create
Run _resume-john.yaml...
  Launch app "com.buildtrack.app.local"... COMPLETED
  Assert that id: app-screen-header__profile-trigger is visible... COMPLETED
  Run flow when id: login-submit is visible...
[08:56:22 run-local.sh]   ALIVE pid=76904  elapsed=20s  (heartbeat every 10s)
  Run flow when id: login-submit is visible... SKIPPED
  Assert that id: dashboard-screen__root is visible... COMPLETED
  Run ../create-task-photo/_assert-no-logbox.yaml...
    Wait for animation to end within 1500 ms... COMPLETED
  Run ../create-task-photo/_assert-no-logbox.yaml... COMPLETED
Run _resume-john.yaml... COMPLETED
Run _ensure-project.yaml...
  Run ../_dismiss-blocking-overlays.yaml...
    Run flow when "Save Password?" is visible...
[08:56:32 run-local.sh]   ALIVE pid=76904  elapsed=30s  (heartbeat every 10s)
    Run flow when "Save Password?" is visible... SKIPPED
    Run flow when "Save Password" is visible...
    Run flow when "Save Password" is visible... SKIPPED
    Run flow when "Choose how you want to add photos" is visible...
    Run flow when "Choose how you want to add photos" is visible... SKIPPED
    Run flow when "Allow Full Access" is visible...
    Run flow when "Allow Full Access" is visible... SKIPPED
    Run flow when "Allow Access to All Photos" is visible...
    Run flow when "Allow Access to All Photos" is visible... SKIPPED
    Run flow when "Allow.*Photos.*" is visible...
    Run flow when "Allow.*Photos.*" is visible... SKIPPED
    Repeat 3 times...
      Tap on (Optional) "Dismiss"... WARNED
    Repeat 3 times... COMPLETED
    Run flow when "OK" is visible...
    Run flow when "OK" is visible... SKIPPED
    Wait for animation to end within 1000 ms... COMPLETED
  Run ../_dismiss-blocking-overlays.yaml... COMPLETED
  Tap on (Optional) id: root-tab__activity... COMPLETED
  Assert that id: dashboard-screen__root is visible... COMPLETED
  Run flow when ".*Project A - Commercial Building.*" is not visible...
[08:56:42 run-local.sh]   ALIVE pid=76904  elapsed=40s  (heartbeat every 10s)
  Run flow when ".*Project A - Commercial Building.*" is not visible... SKIPPED
  Assert that ".*Project A - Commercial Building.*" is visible... COMPLETED
  Run _pull-to-refresh-activity.yaml...
    Tap on id: root-tab__activity... COMPLETED
    Assert that id: dashboard-screen__root is visible... COMPLETED
    Swipe from (50%, 26%) to (50%, 78%) in 1200 ms...[08:56:52 run-local.sh]   ALIVE pid=76904  elapsed=50s  (heartbeat every 10s)
 COMPLETED
    Wait for animation to end within 4000 ms... COMPLETED
  Run _pull-to-refresh-activity.yaml... COMPLETED
  Assert that id: dashboard-screen__project_summary_section is visible... COMPLETED
  Assert that ".*Project A - Commercial Building.*" is visible... COMPLETED
  Take screenshot du-active-project-project-a... COMPLETED
  Assert that id: dashboard-screen__root is visible... COMPLETED
  Run ../create-task-photo/_assert-no-logbox.yaml...
    Wait for animation to end within 1500 ms... COMPLETED
  Run ../create-task-photo/_assert-no-logbox.yaml... COMPLETED
Run _ensure-project.yaml... COMPLETED
Run ../_dismiss-blocking-overlays.yaml...
  Run flow when "Save Password?" is visible...
[08:57:02 run-local.sh]   ALIVE pid=76904  elapsed=60s  (heartbeat every 10s)
  Run flow when "Save Password?" is visible... SKIPPED
  Run flow when "Save Password" is visible...
  Run flow when "Save Password" is visible... SKIPPED
  Run flow when "Choose how you want to add photos" is visible...
  Run flow when "Choose how you want to add photos" is visible... SKIPPED
  Run flow when "Allow Full Access" is visible...
  Run flow when "Allow Full Access" is visible... SKIPPED
  Run flow when "Allow Access to All Photos" is visible...
  Run flow when "Allow Access to All Photos" is visible... SKIPPED
  Run flow when "Allow.*Photos.*" is visible...
  Run flow when "Allow.*Photos.*" is visible... SKIPPED
  Repeat 3 times...
    Tap on (Optional) "Dismiss"... WARNED
  Repeat 3 times... COMPLETED
  Run flow when "OK" is visible...
  Run flow when "OK" is visible... SKIPPED
  Wait for animation to end within 1000 ms... COMPLETED
Run ../_dismiss-blocking-overlays.yaml... COMPLETED
Tap on id: root-tab__camera_icon_surface... COMPLETED
Wait for animation to end within 2500 ms... COMPLETED
Tap on (Optional) "Dismiss"...[08:57:12 run-local.sh]   ALIVE pid=76904  elapsed=70s  (heartbeat every 10s)
 WARNED
Assert that id: capture-session__camera is visible... COMPLETED
Take screenshot du-h01-02b-john-camera... COMPLETED
Run flow when id: capture-session__library_peek is visible...
  Tap on id: capture-session__library_peek... COMPLETED
Run flow when id: capture-session__library_peek is visible... COMPLETED
Run flow when id: capture-session__open_library_fallback is visible...
[08:57:22 run-local.sh]   ALIVE pid=76904  elapsed=80s  (heartbeat every 10s)
Run flow when id: capture-session__open_library_fallback is visible... SKIPPED
Assert that id: capture-session__hybrid_library is visible... COMPLETED
Assert that id: capture-session__library_grid is visible... COMPLETED
Wait for animation to end within 2000 ms... COMPLETED
Take screenshot du-h01-02c-john-library... COMPLETED
Tap on point (17%, 28%)... COMPLETED
Wait for animation to end within 1000 ms... COMPLETED
Run flow when ".*[1-9] selected.*" is not visible...
[08:57:32 run-local.sh]   ALIVE pid=76904  elapsed=90s  (heartbeat every 10s)
Run flow when ".*[1-9] selected.*" is not visible... SKIPPED
Assert that ".*[1-9] selected.*" is visible... COMPLETED
Tap on id: capture-session__hybrid_accept... COMPLETED
Assert that id: photo-selection__confirm is visible... COMPLETED
Take screenshot du-h01-02d-john-select-photos... COMPLETED
Tap on id: photo-selection__confirm... COMPLETED
Run flow when ".*Assign.*" is visible...
  Tap on ".*Assign.*"... COMPLETED
Run flow when ".*Assign.*" is visible... COMPLETED
Run flow when id: create-task__post_capture_routing_sheet is visible...
[08:57:42 run-local.sh]   ALIVE pid=76904  elapsed=100s  (heartbeat every 10s)
Run flow when id: create-task__post_capture_routing_sheet is visible... SKIPPED
Run flow when "Create Task" is visible...
  Tap on "Create Task"... COMPLETED
Run flow when "Create Task" is visible... COMPLETED
Assert that id: create-task__continuous_form is visible... COMPLETED
Take screenshot du-h01-03-john-form-with-photo... COMPLETED
Run _assign-alice.yaml...
  Scrolling DOWN until id: create-task__assignee-picker-trigger is visible with speed 40, visibility percentage 40%, timeout 20000 ms, with centering enabled... COMPLETED
  Tap on id: create-task__assignee-picker-trigger... COMPLETED
  Assert that "Assign To" is visible... COMPLETED
  Assert that "Fetching project team members" is not visible...[08:57:52 run-local.sh]   ALIVE pid=76904  elapsed=110s  (heartbeat every 10s)
 COMPLETED
  Assert that id: create-task__assignee-option-alice-workera1-at-test-com is visible... COMPLETED
  Take screenshot du-assignee-picker-open... COMPLETED
  Scrolling DOWN until id: create-task__assignee-option-alice-workera1-at-test-com is visible with speed 40, visibility percentage 40%, timeout 20000 ms, with centering enabled... COMPLETED
  Tap on id: create-task__assignee-option-alice-workera1-at-test-com... COMPLETED
  Tap on id: create-task__assignee-picker-done... COMPLETED
  Assert that id: create-task__selected_assignees is visible... COMPLETED
  Tap on (Optional) id: create-task__set_primary_aebc58fa-1a20-40fb-b2d9-82209980733a... COMPLETED
  Tap on (Optional) id: create-task__remove_assignee_efaf817c-4502-4fd0-a2f4-2723c82b52bd... COMPLETED
  Assert that ".*Alice Worker A1.*Primary.*" is visible... COMPLETED
  Assert that ".*John Manager A.*" is not visible... COMPLETED
  Take screenshot du-assignee-alice-selected... COMPLETED
Run _assign-alice.yaml... COMPLETED
Take screenshot du-h01-04-john-assign-alice... COMPLETED
Run _submit-create-with-title.yaml...
  Scrolling UP until id: createTask-title is visible with speed 40, visibility percentage 100%, timeout 20000 ms, with centering enabled...[08:58:02 run-local.sh]   ALIVE pid=76904  elapsed=120s  (heartbeat every 10s)
 COMPLETED
  Tap on id: createTask-title... COMPLETED
  Input text ${DU_TASK_TITLE}... COMPLETED
  Tap on id: createTask-description... COMPLETED
  Input text Dual-user Maestro gate — assigner creates and assigns Alice.... COMPLETED
  Run ../_dismiss-keyboard.yaml...
    Tap on point (50%, 22%)...[08:58:12 run-local.sh]   ALIVE pid=76904  elapsed=130s  (heartbeat every 10s)
 COMPLETED
    Wait for animation to end within 800 ms... COMPLETED
    Tap on point (50%, 22%)... COMPLETED
    Wait for animation to end within 1500 ms... COMPLETED
  Run ../_dismiss-keyboard.yaml... COMPLETED
  Scrolling DOWN until id: create-task__submit is visible with speed 40, visibility percentage 40%, timeout 20000 ms, with centering enabled... COMPLETED
  Tap on id: create-task__submit... COMPLETED
  Tap on id: create-task__submit... COMPLETED
  Assert that id: create-task__submit-success-confirm is visible... COMPLETED
  Assert that id: create-task__submit-success-message is visible... COMPLETED
  Take screenshot du-create-submit-success... COMPLETED
  Tap on id: create-task__submit-success-confirm... COMPLETED
  Assert that id: tasks-screen__root is visible... COMPLETED
  Assert that id: tasks-screen__task_list is visible... COMPLETED
  Run ../create-task-photo/_assert-no-logbox.yaml...
    Wait for animation to end within 1500 ms... COMPLETED
  Run ../create-task-photo/_assert-no-logbox.yaml... COMPLETED
Run _submit-create-with-title.yaml... COMPLETED
Take screenshot du-h01-05-john-created... COMPLETED
[08:58:22 run-local.sh]   ALIVE pid=76904  elapsed=140s  (heartbeat every 10s)
[08:58:24 run-local.sh]   FINISHED pid=76904  elapsed=142s  rc=0  (PASS)
[08:58:24 dual-user]Phase H01-create raw rc=0 shots=17 need=6
[08:58:24 dual-user]Phase H01-create PASS shots=17/6
[08:58:24 dual-user]Resolve task id title=DU-H01-1790124962
RESOLVE_OK title=DU-H01-1790124962 taskId=0c063942-5706-4b33-b18a-fb886f34d958 status=new assignee=alice.workera1@test.com
LOCKED task:0c063942-5706-4b33-b18a-fb886f34d958 purpose=dual-user-gate-ALL owner=tristan@tristans-mini
LOCKED title-prefix:DU-H01 purpose=dual-user-gate-ALL owner=tristan@tristans-mini
LOCKED title-prefix:DU-H01-1790124962 purpose=dual-user-gate-ALL owner=tristan@tristans-mini
[08:58:25 dual-user]Resolved DU_TASK_ID=0c063942-5706-4b33-b18a-fb886f34d958
[08:58:33 dual-user]Metro OK (attempt 1)
[08:58:33 dual-user]PHASE H01-assignee attempt=1/2 udid=F537DDA8… flow=DU-H01-assignee-loop.yaml title=DU-H01-1790124962 taskId=0c063942-5706-4b33-b18a-fb886f34d958
[08:58:33 run-local.sh] Phase: maestro-launch  MAESTRO_BIN=/Volumes/KooDrive/Users/tristan/.maestro/bin/maestro  MAESTRO_LOCAL_HOME=/Volumes/KooDrive/InsiteApp/.cache/maestro-home-dual-user
[08:58:33 run-local.sh]   args: --udid F537DDA8-E83B-4A29-AF38-ACC8EC64F0DA test -e DU_TASK_TITLE=DU-H01-1790124962 -e DU_TASK_ID=0c063942-5706-4b33-b18a-fb886f34d958 -e DU_JOHN_ID=efaf817c-4502-4fd0-a2f4-2723c82b52bd -e DU_ALICE_ID=aebc58fa-1a20-40fb-b2d9-82209980733a /Volumes/KooDrive/InsiteApp/maestro/flows/dual-user/DU-H01-assignee-loop.yaml
[08:58:43 run-local.sh]   ALIVE pid=79971  elapsed=10s  (heartbeat every 10s)
Running on iPhone 16 - iOS 26.5 - F537DDA8-E83B-4A29-AF38-ACC8EC64F0DA
 > Flow DU-H01-assignee-loop
Run _resume-alice.yaml...
  Launch app "com.buildtrack.app.local"... COMPLETED
  Assert that id: app-screen-header__profile-trigger is visible... COMPLETED
  Run flow when id: login-submit is visible...
[08:58:53 run-local.sh]   ALIVE pid=79971  elapsed=20s  (heartbeat every 10s)
  Run flow when id: login-submit is visible... SKIPPED
  Assert that id: dashboard-screen__root is visible... COMPLETED
  Run ../create-task-photo/_assert-no-logbox.yaml...
    Wait for animation to end within 1500 ms... COMPLETED
  Run ../create-task-photo/_assert-no-logbox.yaml... COMPLETED
Run _resume-alice.yaml... COMPLETED
Run _ensure-project.yaml...
  Run ../_dismiss-blocking-overlays.yaml...
    Run flow when "Save Password?" is visible...
    Run flow when "Save Password?" is visible... SKIPPED
    Run flow when "Save Password" is visible...
[08:59:03 run-local.sh]   ALIVE pid=79971  elapsed=30s  (heartbeat every 10s)
    Run flow when "Save Password" is visible... SKIPPED
    Run flow when "Choose how you want to add photos" is visible...
    Run flow when "Choose how you want to add photos" is visible... SKIPPED
    Run flow when "Allow Full Access" is visible...
    Run flow when "Allow Full Access" is visible... SKIPPED
    Run flow when "Allow Access to All Photos" is visible...
    Run flow when "Allow Access to All Photos" is visible... SKIPPED
    Run flow when "Allow.*Photos.*" is visible...
    Run flow when "Allow.*Photos.*" is visible... SKIPPED
    Repeat 3 times...
      Tap on (Optional) "Dismiss"... WARNED
    Repeat 3 times... COMPLETED
    Run flow when "OK" is visible...
    Run flow when "OK" is visible... SKIPPED
    Wait for animation to end within 1000 ms... COMPLETED
  Run ../_dismiss-blocking-overlays.yaml... COMPLETED
  Tap on (Optional) id: root-tab__activity... COMPLETED
  Assert that id: dashboard-screen__root is visible... COMPLETED
  Run flow when ".*Project A - Commercial Building.*" is not visible...
[08:59:13 run-local.sh]   ALIVE pid=79971  elapsed=40s  (heartbeat every 10s)
  Run flow when ".*Project A - Commercial Building.*" is not visible... SKIPPED
  Assert that ".*Project A - Commercial Building.*" is visible... COMPLETED
  Run _pull-to-refresh-activity.yaml...
    Tap on id: root-tab__activity... COMPLETED
    Assert that id: dashboard-screen__root is visible... COMPLETED
    Swipe from (50%, 26%) to (50%, 78%) in 1200 ms... COMPLETED
    Wait for animation to end within 4000 ms... COMPLETED
  Run _pull-to-refresh-activity.yaml... COMPLETED
  Assert that id: dashboard-screen__project_summary_section is visible... COMPLETED
  Assert that ".*Project A - Commercial Building.*" is visible... COMPLETED
  Take screenshot du-active-project-project-a... COMPLETED
  Assert that id: dashboard-screen__root is visible... COMPLETED
  Run ../create-task-photo/_assert-no-logbox.yaml...
    Wait for animation to end within 1500 ms... COMPLETED
  Run ../create-task-photo/_assert-no-logbox.yaml... COMPLETED
Run _ensure-project.yaml... COMPLETED
Run _open-task-by-title.yaml...
  Run ../_dismiss-blocking-overlays.yaml...
    Run flow when "Save Password?" is visible...
[08:59:23 run-local.sh]   ALIVE pid=79971  elapsed=50s  (heartbeat every 10s)
    Run flow when "Save Password?" is visible... SKIPPED
    Run flow when "Save Password" is visible...
    Run flow when "Save Password" is visible... SKIPPED
    Run flow when "Choose how you want to add photos" is visible...
    Run flow when "Choose how you want to add photos" is visible... SKIPPED
    Run flow when "Allow Full Access" is visible...
    Run flow when "Allow Full Access" is visible... SKIPPED
    Run flow when "Allow Access to All Photos" is visible...
    Run flow when "Allow Access to All Photos" is visible... SKIPPED
    Run flow when "Allow.*Photos.*" is visible...
    Run flow when "Allow.*Photos.*" is visible... SKIPPED
    Repeat 3 times...
      Tap on (Optional) "Dismiss"... WARNED
    Repeat 3 times... COMPLETED
    Run flow when "OK" is visible...
[08:59:33 run-local.sh]   ALIVE pid=79971  elapsed=60s  (heartbeat every 10s)
    Run flow when "OK" is visible... SKIPPED
    Wait for animation to end within 1000 ms... COMPLETED
  Run ../_dismiss-blocking-overlays.yaml... COMPLETED
  Run flow when id: task-detail__header_title is not visible...
    Run flow when id: tasks-screen__task_list is not visible...
      Tap on (Optional) id: root-tab__tasks... COMPLETED
      Tap on (Optional) id: root-tab__tasks_pressable... COMPLETED
      Wait for animation to end within 1500 ms... COMPLETED
    Run flow when id: tasks-screen__task_list is not visible... COMPLETED
    Assert that id: tasks-screen__task_list is visible... COMPLETED
    Run _pull-to-refresh-tasks.yaml...
      Tap on id: root-tab__tasks_pressable... COMPLETED
      Assert that id: tasks-screen__task_list is visible... COMPLETED
      Swipe from (50%, 28%) to (50%, 78%) in 1200 ms... COMPLETED
      Wait for animation to end within 4000 ms... COMPLETED
    Run _pull-to-refresh-tasks.yaml... COMPLETED
    Tap on (Optional) id: tasks-screen__header_reset_filters...[08:59:43 run-local.sh]   ALIVE pid=79971  elapsed=70s  (heartbeat every 10s)
 WARNED
    Wait for animation to end within 1500 ms... COMPLETED
    Tap on id: text-field:tasks-search__input... COMPLETED
    Tap on (Optional) id: text-field:tasks-search__right-slot...[08:59:53 run-local.sh]   ALIVE pid=79971  elapsed=80s  (heartbeat every 10s)
 COMPLETED
    Input text ${DU_TASK_TITLE}... COMPLETED
    Tap on point (50%, 8%)... COMPLETED
    Wait for animation to end within 800 ms... COMPLETED
    Run flow when id: ${"tasks-screen__row_" + DU_TASK_ID} is not visible...
[09:00:03 run-local.sh]   ALIVE pid=79971  elapsed=90s  (heartbeat every 10s)
    Run flow when id: tasks-screen__row_0c063942-5706-4b33-b18a-fb886f34d958 is not visible... SKIPPED
    Scrolling DOWN until id: ${"tasks-screen__row_" + DU_TASK_ID} is visible with speed 60, visibility percentage 40%, timeout 12000 ms, with centering enabled... COMPLETED
    Tap on id: ${"tasks-screen__row_" + DU_TASK_ID + ":title-pressable"}... COMPLETED
    Run flow when id: task-detail__header_title is not visible...
      Tap on id: ${"tasks-screen__row_" + DU_TASK_ID}... COMPLETED
    Run flow when id: task-detail__header_title is not visible... COMPLETED
    Wait for animation to end within 2500 ms... COMPLETED
  Run flow when id: task-detail__header_title is not visible... COMPLETED
  Assert that id: task-detail__header_title is visible... COMPLETED
  Assert that "${".*" + DU_TASK_TITLE + ".*"}" is visible... COMPLETED
Run _open-task-by-title.yaml... COMPLETED
Take screenshot du-h01-06-alice-inbox... COMPLETED
Run flow when id: task-detail__quick-action-accept_task is visible...
  Tap on id: task-detail__quick-action-accept_task... COMPLETED
  Wait for animation to end within 2500 ms... COMPLETED
  Assert that id: task-detail__quick-action-accept_task is not visible... COMPLETED
  Take screenshot du-h01-07-alice-accepted... COMPLETED
Run flow when id: task-detail__quick-action-accept_task is visible... COMPLETED
Run flow when id: task-detail__quick-action-accept_task is not visible...
  Take screenshot du-h01-07-alice-already-accepted... COMPLETED
Run flow when id: task-detail__quick-action-accept_task is not visible... COMPLETED
Run flow when id: report-reply-composer__cancel_review is visible...
[09:00:13 run-local.sh]   ALIVE pid=79971  elapsed=100s  (heartbeat every 10s)
Run flow when id: report-reply-composer__cancel_review is visible... SKIPPED
Run flow when id: report-reply-composer__cancel_review is not visible...
  Assert that id: report-reply-composer__photo is visible... COMPLETED
  Tap on id: report-reply-composer__photo... COMPLETED
  Run flow when "Choose from Library" is visible...
    Tap on "Choose from Library"... COMPLETED
  Run flow when "Choose from Library" is visible... COMPLETED
  Run flow when id: capture-session__camera is visible...
[09:00:23 run-local.sh]   ALIVE pid=79971  elapsed=110s  (heartbeat every 10s)
  Run flow when id: capture-session__camera is visible... SKIPPED
  Assert that id: capture-session__hybrid_library is visible... COMPLETED
  Assert that id: capture-session__library_grid is visible... COMPLETED
  Wait for animation to end within 2000 ms... COMPLETED
  Take screenshot du-h01-07b-alice-library... COMPLETED
  Tap on point (17%, 28%)... COMPLETED
  Wait for animation to end within 1000 ms... COMPLETED
  Run flow when ".*[1-9] selected.*" is not visible...
[09:00:33 run-local.sh]   ALIVE pid=79971  elapsed=120s  (heartbeat every 10s)
  Run flow when ".*[1-9] selected.*" is not visible... SKIPPED
  Assert that ".*[1-9] selected.*" is visible... COMPLETED
  Tap on id: capture-session__hybrid_accept... COMPLETED
  Assert that id: photo-selection__confirm is visible... COMPLETED
  Tap on id: photo-selection__confirm... COMPLETED
  Assert that id: report-reply-composer is visible... COMPLETED
  Take screenshot du-h01-08a-alice-dock-with-photo... COMPLETED
  Long press on id: report-reply-composer__send... COMPLETED
  Wait for animation to end within 800 ms... COMPLETED
  Assert that id: report-reply-composer__completion_hit is visible... COMPLETED
  Swipe from (90%, 78%) to (90%, 42%) in 800 ms...[09:00:44 run-local.sh]   ALIVE pid=79971  elapsed=131s  (heartbeat every 10s)
 COMPLETED
  Wait for animation to end within 800 ms... COMPLETED
  Tap on id: report-reply-composer__input... COMPLETED
  Input text Dual-user gate assignee update with photo at 100%.... COMPLETED
  Run ../_dismiss-keyboard.yaml...
    Tap on point (50%, 22%)... COMPLETED
    Wait for animation to end within 800 ms... COMPLETED
    Tap on point (50%, 22%)... COMPLETED
    Wait for animation to end within 1500 ms... COMPLETED
  Run ../_dismiss-keyboard.yaml... COMPLETED
  Take screenshot du-h01-08-alice-updated... COMPLETED
  Tap on id: report-reply-composer__send...[09:00:53 run-local.sh]   ALIVE pid=79971  elapsed=140s  (heartbeat every 10s)
 COMPLETED
  Wait for animation to end within 4000 ms... COMPLETED
  Run flow when "OK" is visible...
[09:01:03 run-local.sh]   ALIVE pid=79971  elapsed=150s  (heartbeat every 10s)
  Run flow when "OK" is visible... SKIPPED
  Run flow when "Success" is visible...
  Run flow when "Success" is visible... SKIPPED
  Take screenshot du-h01-09-alice-submitted... COMPLETED
  Run flow when id: report-reply-composer__cancel_review is visible...
    Take screenshot du-h01-09-alice-awaiting-review... COMPLETED
  Run flow when id: report-reply-composer__cancel_review is visible... COMPLETED
  Run flow when id: task-detail__quick-action-submit_review is visible...
  Run flow when id: task-detail__quick-action-submit_review is visible... SKIPPED
Run flow when id: report-reply-composer__cancel_review is not visible... COMPLETED
[09:01:07 run-local.sh]   FINISHED pid=79971  elapsed=154s  rc=0  (PASS)
[09:01:07 dual-user]Phase H01-assignee raw rc=0 shots=16 need=5
[09:01:07 dual-user]Phase H01-assignee PASS shots=16/5
[09:01:15 dual-user]Metro OK (attempt 1)
[09:01:15 dual-user]PHASE H01-approve attempt=1/2 udid=B7B2640C… flow=DU-H01-assigner-approve.yaml title=DU-H01-1790124962 taskId=0c063942-5706-4b33-b18a-fb886f34d958
[09:01:15 run-local.sh] Phase: maestro-launch  MAESTRO_BIN=/Volumes/KooDrive/Users/tristan/.maestro/bin/maestro  MAESTRO_LOCAL_HOME=/Volumes/KooDrive/InsiteApp/.cache/maestro-home-dual-user
[09:01:15 run-local.sh]   args: --udid B7B2640C-4738-4F8A-AEEE-5DF3D21D2533 test -e DU_TASK_TITLE=DU-H01-1790124962 -e DU_TASK_ID=0c063942-5706-4b33-b18a-fb886f34d958 -e DU_JOHN_ID=efaf817c-4502-4fd0-a2f4-2723c82b52bd -e DU_ALICE_ID=aebc58fa-1a20-40fb-b2d9-82209980733a /Volumes/KooDrive/InsiteApp/maestro/flows/dual-user/DU-H01-assigner-approve.yaml
[09:01:25 run-local.sh]   ALIVE pid=83309  elapsed=10s  (heartbeat every 10s)
Running on iPhone 17 Pro Max - iOS 26.0 - B7B2640C-4738-4F8A-AEEE-5DF3D21D2533
 > Flow DU-H01-assigner-approve
Run _resume-john.yaml...
  Launch app "com.buildtrack.app.local"... COMPLETED
  Assert that id: app-screen-header__profile-trigger is visible... COMPLETED
  Run flow when id: login-submit is visible...
[09:01:35 run-local.sh]   ALIVE pid=83309  elapsed=20s  (heartbeat every 10s)
  Run flow when id: login-submit is visible... SKIPPED
  Assert that id: dashboard-screen__root is visible... COMPLETED
  Run ../create-task-photo/_assert-no-logbox.yaml...
    Wait for animation to end within 1500 ms... COMPLETED
  Run ../create-task-photo/_assert-no-logbox.yaml... COMPLETED
Run _resume-john.yaml... COMPLETED
Run _open-task-by-title.yaml...
  Run ../_dismiss-blocking-overlays.yaml...
    Run flow when "Save Password?" is visible...
[09:01:45 run-local.sh]   ALIVE pid=83309  elapsed=30s  (heartbeat every 10s)
    Run flow when "Save Password?" is visible... SKIPPED
    Run flow when "Save Password" is visible...
    Run flow when "Save Password" is visible... SKIPPED
    Run flow when "Choose how you want to add photos" is visible...
    Run flow when "Choose how you want to add photos" is visible... SKIPPED
    Run flow when "Allow Full Access" is visible...
    Run flow when "Allow Full Access" is visible... SKIPPED
    Run flow when "Allow Access to All Photos" is visible...
    Run flow when "Allow Access to All Photos" is visible... SKIPPED
    Run flow when "Allow.*Photos.*" is visible...
    Run flow when "Allow.*Photos.*" is visible... SKIPPED
    Repeat 3 times...
      Tap on (Optional) "Dismiss"... WARNED
    Repeat 3 times... COMPLETED
    Run flow when "OK" is visible...
    Run flow when "OK" is visible... SKIPPED
    Wait for animation to end within 1000 ms... COMPLETED
  Run ../_dismiss-blocking-overlays.yaml... COMPLETED
  Run flow when id: task-detail__header_title is not visible...
    Run flow when id: tasks-screen__task_list is not visible...
      Tap on (Optional) id: root-tab__tasks... COMPLETED
      Tap on (Optional) id: root-tab__tasks_pressable... COMPLETED
      Wait for animation to end within 1500 ms...[09:01:55 run-local.sh]   ALIVE pid=83309  elapsed=40s  (heartbeat every 10s)
 COMPLETED
    Run flow when id: tasks-screen__task_list is not visible... COMPLETED
    Assert that id: tasks-screen__task_list is visible... COMPLETED
    Run _pull-to-refresh-tasks.yaml...
      Tap on id: root-tab__tasks_pressable... COMPLETED
      Assert that id: tasks-screen__task_list is visible... COMPLETED
      Swipe from (50%, 28%) to (50%, 78%) in 1200 ms... COMPLETED
      Wait for animation to end within 4000 ms... COMPLETED
    Run _pull-to-refresh-tasks.yaml... COMPLETED
    Tap on (Optional) id: tasks-screen__header_reset_filters...[09:02:05 run-local.sh]   ALIVE pid=83309  elapsed=50s  (heartbeat every 10s)
 WARNED
    Wait for animation to end within 1500 ms... COMPLETED
    Tap on id: text-field:tasks-search__input... COMPLETED
    Tap on (Optional) id: text-field:tasks-search__right-slot... COMPLETED
    Input text ${DU_TASK_TITLE}...[09:02:15 run-local.sh]   ALIVE pid=83309  elapsed=60s  (heartbeat every 10s)
 COMPLETED
    Tap on point (50%, 8%)... COMPLETED
    Wait for animation to end within 800 ms... COMPLETED
    Run flow when id: ${"tasks-screen__row_" + DU_TASK_ID} is not visible...
    Run flow when id: tasks-screen__row_0c063942-5706-4b33-b18a-fb886f34d958 is not visible... SKIPPED
    Scrolling DOWN until id: ${"tasks-screen__row_" + DU_TASK_ID} is visible with speed 60, visibility percentage 40%, timeout 12000 ms, with centering enabled... COMPLETED
    Tap on id: ${"tasks-screen__row_" + DU_TASK_ID + ":title-pressable"}...[09:02:25 run-local.sh]   ALIVE pid=83309  elapsed=70s  (heartbeat every 10s)
 COMPLETED
    Run flow when id: task-detail__header_title is not visible...
      Tap on id: ${"tasks-screen__row_" + DU_TASK_ID}... COMPLETED
    Run flow when id: task-detail__header_title is not visible... COMPLETED
    Wait for animation to end within 2500 ms... COMPLETED
  Run flow when id: task-detail__header_title is not visible... COMPLETED
  Assert that id: task-detail__header_title is visible... COMPLETED
  Assert that "${".*" + DU_TASK_TITLE + ".*"}" is visible... COMPLETED
Run _open-task-by-title.yaml... COMPLETED
Take screenshot du-h01-10-john-review... COMPLETED
Run flow when id: report-reply-composer__approve is visible...
  Assert that id: report-reply-composer__approve is visible... COMPLETED
  Tap on id: report-reply-composer__approve... COMPLETED
  Wait for animation to end within 4000 ms... COMPLETED
Run flow when id: report-reply-composer__approve is visible... COMPLETED
Run flow when id: task-detail__quick-action-approve_task is visible...
[09:02:35 run-local.sh]   ALIVE pid=83309  elapsed=80s  (heartbeat every 10s)
Run flow when id: task-detail__quick-action-approve_task is visible... SKIPPED
Assert that id: report-reply-composer__approve is not visible... COMPLETED
Assert that id: task-detail__quick-action-approve_task is not visible... COMPLETED
Run flow when id: report-reply-composer__archive is visible...
  Assert that id: report-reply-composer__archive is visible... COMPLETED
Run flow when id: report-reply-composer__archive is visible... COMPLETED
Run flow when id: task-detail__quick-action-archive_task is visible...
Run flow when id: task-detail__quick-action-archive_task is visible... SKIPPED
Assert that id: task-detail__status_chips is visible... COMPLETED
Take screenshot du-h01-11-john-approved... COMPLETED
[09:02:44 run-local.sh]   FINISHED pid=83309  elapsed=89s  rc=0  (PASS)
[09:02:44 dual-user]Phase H01-approve raw rc=0 shots=6 need=2
[09:02:44 dual-user]Phase H01-approve PASS shots=6/2
[09:02:49 dual-user]Metro OK (attempt 1)
[09:02:49 dual-user]PHASE H01-archive attempt=1/2 udid=B7B2640C… flow=DU-H01-assigner-archive.yaml title=DU-H01-1790124962 taskId=0c063942-5706-4b33-b18a-fb886f34d958
[09:02:49 run-local.sh] Phase: maestro-launch  MAESTRO_BIN=/Volumes/KooDrive/Users/tristan/.maestro/bin/maestro  MAESTRO_LOCAL_HOME=/Volumes/KooDrive/InsiteApp/.cache/maestro-home-dual-user
[09:02:49 run-local.sh]   args: --udid B7B2640C-4738-4F8A-AEEE-5DF3D21D2533 test -e DU_TASK_TITLE=DU-H01-1790124962 -e DU_TASK_ID=0c063942-5706-4b33-b18a-fb886f34d958 -e DU_JOHN_ID=efaf817c-4502-4fd0-a2f4-2723c82b52bd -e DU_ALICE_ID=aebc58fa-1a20-40fb-b2d9-82209980733a /Volumes/KooDrive/InsiteApp/maestro/flows/dual-user/DU-H01-assigner-archive.yaml
[09:02:59 run-local.sh]   ALIVE pid=85169  elapsed=10s  (heartbeat every 10s)
Running on iPhone 17 Pro Max - iOS 26.0 - B7B2640C-4738-4F8A-AEEE-5DF3D21D2533
 > Flow DU-H01-assigner-archive
Run _resume-john.yaml...
  Launch app "com.buildtrack.app.local"... COMPLETED
  Assert that id: app-screen-header__profile-trigger is visible... COMPLETED
  Run flow when id: login-submit is visible...
[09:03:09 run-local.sh]   ALIVE pid=85169  elapsed=20s  (heartbeat every 10s)
  Run flow when id: login-submit is visible... SKIPPED
  Assert that id: dashboard-screen__root is visible... COMPLETED
  Run ../create-task-photo/_assert-no-logbox.yaml...
    Wait for animation to end within 1500 ms... COMPLETED
  Run ../create-task-photo/_assert-no-logbox.yaml... COMPLETED
Run _resume-john.yaml... COMPLETED
Run _open-task-by-title.yaml...
  Run ../_dismiss-blocking-overlays.yaml...
    Run flow when "Save Password?" is visible...
    Run flow when "Save Password?" is visible... SKIPPED
    Run flow when "Save Password" is visible...
[09:03:19 run-local.sh]   ALIVE pid=85169  elapsed=30s  (heartbeat every 10s)
    Run flow when "Save Password" is visible... SKIPPED
    Run flow when "Choose how you want to add photos" is visible...
    Run flow when "Choose how you want to add photos" is visible... SKIPPED
    Run flow when "Allow Full Access" is visible...
    Run flow when "Allow Full Access" is visible... SKIPPED
    Run flow when "Allow Access to All Photos" is visible...
    Run flow when "Allow Access to All Photos" is visible... SKIPPED
    Run flow when "Allow.*Photos.*" is visible...
    Run flow when "Allow.*Photos.*" is visible... SKIPPED
    Repeat 3 times...
      Tap on (Optional) "Dismiss"... WARNED
    Repeat 3 times... COMPLETED
    Run flow when "OK" is visible...
    Run flow when "OK" is visible... SKIPPED
    Wait for animation to end within 1000 ms... COMPLETED
  Run ../_dismiss-blocking-overlays.yaml... COMPLETED
  Run flow when id: task-detail__header_title is not visible...
    Run flow when id: tasks-screen__task_list is not visible...
      Tap on (Optional) id: root-tab__tasks... COMPLETED
      Tap on (Optional) id: root-tab__tasks_pressable...[09:03:29 run-local.sh]   ALIVE pid=85169  elapsed=40s  (heartbeat every 10s)
 COMPLETED
      Wait for animation to end within 1500 ms... COMPLETED
    Run flow when id: tasks-screen__task_list is not visible... COMPLETED
    Assert that id: tasks-screen__task_list is visible... COMPLETED
    Run _pull-to-refresh-tasks.yaml...
      Tap on id: root-tab__tasks_pressable... COMPLETED
      Assert that id: tasks-screen__task_list is visible... COMPLETED
      Swipe from (50%, 28%) to (50%, 78%) in 1200 ms... COMPLETED
      Wait for animation to end within 4000 ms... COMPLETED
    Run _pull-to-refresh-tasks.yaml... COMPLETED
    Tap on (Optional) id: tasks-screen__header_reset_filters...[09:03:39 run-local.sh]   ALIVE pid=85169  elapsed=50s  (heartbeat every 10s)
 WARNED
    Wait for animation to end within 1500 ms... COMPLETED
    Tap on id: text-field:tasks-search__input... COMPLETED
    Tap on (Optional) id: text-field:tasks-search__right-slot... COMPLETED
    Input text ${DU_TASK_TITLE}...[09:03:49 run-local.sh]   ALIVE pid=85169  elapsed=60s  (heartbeat every 10s)
 COMPLETED
    Tap on point (50%, 8%)... COMPLETED
    Wait for animation to end within 800 ms... COMPLETED
    Run flow when id: ${"tasks-screen__row_" + DU_TASK_ID} is not visible...
    Run flow when id: tasks-screen__row_0c063942-5706-4b33-b18a-fb886f34d958 is not visible... SKIPPED
    Scrolling DOWN until id: ${"tasks-screen__row_" + DU_TASK_ID} is visible with speed 60, visibility percentage 40%, timeout 12000 ms, with centering enabled... COMPLETED
    Tap on id: ${"tasks-screen__row_" + DU_TASK_ID + ":title-pressable"}... COMPLETED
    Run flow when id: task-detail__header_title is not visible...
[09:03:59 run-local.sh]   ALIVE pid=85169  elapsed=70s  (heartbeat every 10s)
      Tap on id: ${"tasks-screen__row_" + DU_TASK_ID}... COMPLETED
    Run flow when id: task-detail__header_title is not visible... COMPLETED
    Wait for animation to end within 2500 ms... COMPLETED
  Run flow when id: task-detail__header_title is not visible... COMPLETED
  Assert that id: task-detail__header_title is visible... COMPLETED
  Assert that "${".*" + DU_TASK_TITLE + ".*"}" is visible... COMPLETED
Run _open-task-by-title.yaml... COMPLETED
Take screenshot du-h01-12-john-pre-archive... COMPLETED
Run flow when id: report-reply-composer__archive is visible...
  Tap on id: report-reply-composer__archive... COMPLETED
  Wait for animation to end within 1500 ms... COMPLETED
Run flow when id: report-reply-composer__archive is visible... COMPLETED
Run flow when id: task-detail__quick-action-archive_task is visible...
[09:04:09 run-local.sh]   ALIVE pid=85169  elapsed=80s  (heartbeat every 10s)
Run flow when id: task-detail__quick-action-archive_task is visible... SKIPPED
Assert that id: task-detail__archive-confirm is visible... COMPLETED
Take screenshot du-h01-13-john-archive-confirm... COMPLETED
Tap on id: task-detail__archive-confirm-archive... COMPLETED
Wait for animation to end within 2500 ms... COMPLETED
Assert that id: task-detail__header_title is not visible... COMPLETED
Assert that id: tasks-screen__root is visible... COMPLETED
Take screenshot du-h01-14-john-after-archive... COMPLETED
Tap on id: tasks-screen__filters_button... COMPLETED
Wait for animation to end within 1500 ms... COMPLETED
Run flow when "Apply Filters" is not visible...
[09:04:19 run-local.sh]   ALIVE pid=85169  elapsed=90s  (heartbeat every 10s)
Run flow when "Apply Filters" is not visible... SKIPPED
Assert that "Apply Filters" is visible... COMPLETED
Scrolling DOWN until id: tasks-filters-sheet__queue_archived is visible with speed 40, visibility percentage 100%, timeout 20000 ms, with centering enabled... COMPLETED
Tap on id: tasks-filters-sheet__queue_archived... COMPLETED
Wait for animation to end within 800 ms... COMPLETED
Tap on id: tasks-filters-sheet__apply... COMPLETED
Run flow when "Apply Filters" is visible...
[09:04:29 run-local.sh]   ALIVE pid=85169  elapsed=100s  (heartbeat every 10s)
Run flow when "Apply Filters" is visible... SKIPPED
Assert that "Apply Filters" is not visible... COMPLETED
Assert that id: tasks-screen__chip_remove_queue is visible... COMPLETED
Take screenshot du-h01-15-john-archived-filter... COMPLETED
Assert that id: ${"tasks-screen__row_" + DU_TASK_ID} is visible... COMPLETED
Assert that id: ${"tasks-screen__row_" + DU_TASK_ID} is visible... COMPLETED
Take screenshot du-h01-16-john-archived-queue... COMPLETED
[09:04:38 run-local.sh]   FINISHED pid=85169  elapsed=109s  rc=0  (PASS)
[09:04:38 dual-user]Phase H01-archive raw rc=0 shots=9 need=5
[09:04:38 dual-user]Phase H01-archive PASS shots=9/5
[09:04:38 dual-user]DU-H01 PASS (assign→accept→100%→review→accept→archive) title=DU-H01-1790124962
[09:04:38 dual-user]===== DU-D01 decline path title=DU-D01-1790125478 =====
LOCKED title-prefix:DU-D01 purpose=dual-user-gate-ALL owner=tristan@tristans-mini
LOCKED title-prefix:DU-D01-1790125478 purpose=dual-user-gate-ALL owner=tristan@tristans-mini
[09:04:38 dual-user]Metro OK (attempt 1)
[09:04:38 dual-user]PHASE D01-create attempt=1/2 udid=B7B2640C… flow=DU-D01-assigner-create.yaml title=DU-D01-1790125478 taskId=0c063942-5706-4b33-b18a-fb886f34d958
[09:04:39 run-local.sh] Phase: maestro-launch  MAESTRO_BIN=/Volumes/KooDrive/Users/tristan/.maestro/bin/maestro  MAESTRO_LOCAL_HOME=/Volumes/KooDrive/InsiteApp/.cache/maestro-home-dual-user
[09:04:39 run-local.sh]   args: --udid B7B2640C-4738-4F8A-AEEE-5DF3D21D2533 test -e DU_TASK_TITLE=DU-D01-1790125478 -e DU_TASK_ID=0c063942-5706-4b33-b18a-fb886f34d958 -e DU_JOHN_ID=efaf817c-4502-4fd0-a2f4-2723c82b52bd -e DU_ALICE_ID=aebc58fa-1a20-40fb-b2d9-82209980733a /Volumes/KooDrive/InsiteApp/maestro/flows/dual-user/DU-D01-assigner-create.yaml
[09:04:49 run-local.sh]   ALIVE pid=87433  elapsed=10s  (heartbeat every 10s)
Running on iPhone 17 Pro Max - iOS 26.0 - B7B2640C-4738-4F8A-AEEE-5DF3D21D2533
 > Flow DU-D01-assigner-create
Run _resume-john.yaml...
  Launch app "com.buildtrack.app.local"... COMPLETED
  Assert that id: app-screen-header__profile-trigger is visible... COMPLETED
  Run flow when id: login-submit is visible...
  Run flow when id: login-submit is visible... SKIPPED
  Assert that id: dashboard-screen__root is visible... COMPLETED
  Run ../create-task-photo/_assert-no-logbox.yaml...
    Wait for animation to end within 1500 ms... COMPLETED
  Run ../create-task-photo/_assert-no-logbox.yaml... COMPLETED
Run _resume-john.yaml... COMPLETED
Run _ensure-project.yaml...
  Run ../_dismiss-blocking-overlays.yaml...
    Run flow when "Save Password?" is visible...
[09:04:59 run-local.sh]   ALIVE pid=87433  elapsed=20s  (heartbeat every 10s)
    Run flow when "Save Password?" is visible... SKIPPED
    Run flow when "Save Password" is visible...
    Run flow when "Save Password" is visible... SKIPPED
    Run flow when "Choose how you want to add photos" is visible...
    Run flow when "Choose how you want to add photos" is visible... SKIPPED
    Run flow when "Allow Full Access" is visible...
    Run flow when "Allow Full Access" is visible... SKIPPED
    Run flow when "Allow Access to All Photos" is visible...
    Run flow when "Allow Access to All Photos" is visible... SKIPPED
    Run flow when "Allow.*Photos.*" is visible...
    Run flow when "Allow.*Photos.*" is visible... SKIPPED
    Repeat 3 times...
      Tap on (Optional) "Dismiss"...[09:05:09 run-local.sh]   ALIVE pid=87433  elapsed=30s  (heartbeat every 10s)
 WARNED
    Repeat 3 times... COMPLETED
    Run flow when "OK" is visible...
    Run flow when "OK" is visible... SKIPPED
    Wait for animation to end within 1000 ms... COMPLETED
  Run ../_dismiss-blocking-overlays.yaml... COMPLETED
  Tap on (Optional) id: root-tab__activity... COMPLETED
  Assert that id: dashboard-screen__root is visible... COMPLETED
  Run flow when ".*Project A - Commercial Building.*" is not visible...
[09:05:19 run-local.sh]   ALIVE pid=87433  elapsed=40s  (heartbeat every 10s)
  Run flow when ".*Project A - Commercial Building.*" is not visible... SKIPPED
  Assert that ".*Project A - Commercial Building.*" is visible... COMPLETED
  Run _pull-to-refresh-activity.yaml...
    Tap on id: root-tab__activity... COMPLETED
    Assert that id: dashboard-screen__root is visible... COMPLETED
    Swipe from (50%, 26%) to (50%, 78%) in 1200 ms... COMPLETED
    Wait for animation to end within 4000 ms... COMPLETED
  Run _pull-to-refresh-activity.yaml... COMPLETED
  Assert that id: dashboard-screen__project_summary_section is visible... COMPLETED
  Assert that ".*Project A - Commercial Building.*" is visible... COMPLETED
  Take screenshot du-active-project-project-a... COMPLETED
  Assert that id: dashboard-screen__root is visible... COMPLETED
  Run ../create-task-photo/_assert-no-logbox.yaml...
    Wait for animation to end within 1500 ms... COMPLETED
  Run ../create-task-photo/_assert-no-logbox.yaml... COMPLETED
Run _ensure-project.yaml... COMPLETED
Run ../_dismiss-blocking-overlays.yaml...
  Run flow when "Save Password?" is visible...
[09:05:29 run-local.sh]   ALIVE pid=87433  elapsed=50s  (heartbeat every 10s)
  Run flow when "Save Password?" is visible... SKIPPED
  Run flow when "Save Password" is visible...
  Run flow when "Save Password" is visible... SKIPPED
  Run flow when "Choose how you want to add photos" is visible...
  Run flow when "Choose how you want to add photos" is visible... SKIPPED
  Run flow when "Allow Full Access" is visible...
  Run flow when "Allow Full Access" is visible... SKIPPED
  Run flow when "Allow Access to All Photos" is visible...
  Run flow when "Allow Access to All Photos" is visible... SKIPPED
  Run flow when "Allow.*Photos.*" is visible...
  Run flow when "Allow.*Photos.*" is visible... SKIPPED
  Repeat 3 times...
    Tap on (Optional) "Dismiss"... WARNED
  Repeat 3 times... COMPLETED
  Run flow when "OK" is visible...
  Run flow when "OK" is visible... SKIPPED
  Wait for animation to end within 1000 ms... COMPLETED
Run ../_dismiss-blocking-overlays.yaml... COMPLETED
Tap on id: root-tab__camera_icon_surface...[09:05:39 run-local.sh]   ALIVE pid=87433  elapsed=60s  (heartbeat every 10s)
 COMPLETED
Wait for animation to end within 2500 ms... COMPLETED
Tap on (Optional) "Dismiss"... WARNED
Assert that id: capture-session__camera is visible... COMPLETED
Take screenshot du-d01-02b-john-camera... COMPLETED
Run flow when id: capture-session__library_peek is visible...
  Tap on id: capture-session__library_peek...[09:05:49 run-local.sh]   ALIVE pid=87433  elapsed=70s  (heartbeat every 10s)
 COMPLETED
Run flow when id: capture-session__library_peek is visible... COMPLETED
Run flow when id: capture-session__open_library_fallback is visible...
Run flow when id: capture-session__open_library_fallback is visible... SKIPPED
Assert that id: capture-session__hybrid_library is visible... COMPLETED
Assert that id: capture-session__library_grid is visible... COMPLETED
Wait for animation to end within 2000 ms... COMPLETED
Take screenshot du-d01-02c-john-library... COMPLETED
Tap on point (17%, 28%)... COMPLETED
Wait for animation to end within 1000 ms... COMPLETED
Run flow when ".*[1-9] selected.*" is not visible...
[09:05:59 run-local.sh]   ALIVE pid=87433  elapsed=80s  (heartbeat every 10s)
Run flow when ".*[1-9] selected.*" is not visible... SKIPPED
Assert that ".*[1-9] selected.*" is visible... COMPLETED
Tap on id: capture-session__hybrid_accept... COMPLETED
Assert that id: photo-selection__confirm is visible... COMPLETED
Take screenshot du-d01-02d-john-select-photos... COMPLETED
Tap on id: photo-selection__confirm... COMPLETED
Run flow when ".*Assign.*" is visible...
[09:06:09 run-local.sh]   ALIVE pid=87433  elapsed=90s  (heartbeat every 10s)
  Tap on ".*Assign.*"... COMPLETED
Run flow when ".*Assign.*" is visible... COMPLETED
Run flow when id: create-task__post_capture_routing_sheet is visible...
Run flow when id: create-task__post_capture_routing_sheet is visible... SKIPPED
Run flow when "Create Task" is visible...
  Tap on "Create Task"... COMPLETED
Run flow when "Create Task" is visible... COMPLETED
Assert that id: create-task__continuous_form is visible... COMPLETED
Take screenshot du-d01-03-john-form... COMPLETED
Run _assign-alice.yaml...
  Scrolling DOWN until id: create-task__assignee-picker-trigger is visible with speed 40, visibility percentage 40%, timeout 20000 ms, with centering enabled...[09:06:19 run-local.sh]   ALIVE pid=87433  elapsed=100s  (heartbeat every 10s)
 COMPLETED
  Tap on id: create-task__assignee-picker-trigger... COMPLETED
  Assert that "Assign To" is visible... COMPLETED
  Assert that "Fetching project team members" is not visible... COMPLETED
  Assert that id: create-task__assignee-option-alice-workera1-at-test-com is visible... COMPLETED
  Take screenshot du-assignee-picker-open... COMPLETED
  Scrolling DOWN until id: create-task__assignee-option-alice-workera1-at-test-com is visible with speed 40, visibility percentage 40%, timeout 20000 ms, with centering enabled... COMPLETED
  Tap on id: create-task__assignee-option-alice-workera1-at-test-com... COMPLETED
  Tap on id: create-task__assignee-picker-done... COMPLETED
  Assert that id: create-task__selected_assignees is visible... COMPLETED
  Tap on (Optional) id: create-task__set_primary_aebc58fa-1a20-40fb-b2d9-82209980733a...[09:06:29 run-local.sh]   ALIVE pid=87433  elapsed=110s  (heartbeat every 10s)
 COMPLETED
  Tap on (Optional) id: create-task__remove_assignee_efaf817c-4502-4fd0-a2f4-2723c82b52bd... COMPLETED
  Assert that ".*Alice Worker A1.*Primary.*" is visible... COMPLETED
  Assert that ".*John Manager A.*" is not visible... COMPLETED
  Take screenshot du-assignee-alice-selected... COMPLETED
Run _assign-alice.yaml... COMPLETED
Run _submit-create-with-title.yaml...
  Scrolling UP until id: createTask-title is visible with speed 40, visibility percentage 100%, timeout 20000 ms, with centering enabled... COMPLETED
  Tap on id: createTask-title... COMPLETED
  Input text ${DU_TASK_TITLE}... COMPLETED
  Tap on id: createTask-description... COMPLETED
  Input text Dual-user Maestro gate — assigner creates and assigns Alice....[09:06:39 run-local.sh]   ALIVE pid=87433  elapsed=120s  (heartbeat every 10s)
 COMPLETED
  Run ../_dismiss-keyboard.yaml...
    Tap on point (50%, 22%)... COMPLETED
    Wait for animation to end within 800 ms... COMPLETED
    Tap on point (50%, 22%)... COMPLETED
    Wait for animation to end within 1500 ms... COMPLETED
  Run ../_dismiss-keyboard.yaml... COMPLETED
  Scrolling DOWN until id: create-task__submit is visible with speed 40, visibility percentage 40%, timeout 20000 ms, with centering enabled... COMPLETED
  Tap on id: create-task__submit... COMPLETED
  Tap on id: create-task__submit... COMPLETED
  Assert that id: create-task__submit-success-confirm is visible... COMPLETED
  Assert that id: create-task__submit-success-message is visible... COMPLETED
  Take screenshot du-create-submit-success... COMPLETED
  Tap on id: create-task__submit-success-confirm...[09:06:49 run-local.sh]   ALIVE pid=87433  elapsed=130s  (heartbeat every 10s)
 COMPLETED
  Assert that id: tasks-screen__root is visible... COMPLETED
  Assert that id: tasks-screen__task_list is visible... COMPLETED
  Run ../create-task-photo/_assert-no-logbox.yaml...
    Wait for animation to end within 1500 ms... COMPLETED
  Run ../create-task-photo/_assert-no-logbox.yaml... COMPLETED
Run _submit-create-with-title.yaml... COMPLETED
Take screenshot du-d01-01-john-created... COMPLETED
[09:06:54 run-local.sh]   FINISHED pid=87433  elapsed=135s  rc=0  (PASS)
[09:06:54 dual-user]Phase D01-create raw rc=0 shots=16 need=1
[09:06:54 dual-user]Phase D01-create PASS shots=16/1
[09:06:54 dual-user]Resolve task id title=DU-D01-1790125478
RESOLVE_OK title=DU-D01-1790125478 taskId=ec3e2dbb-5589-4e0e-9018-ff71559b30f8 status=new assignee=alice.workera1@test.com
LOCKED task:ec3e2dbb-5589-4e0e-9018-ff71559b30f8 purpose=dual-user-gate-ALL owner=tristan@tristans-mini
LOCKED title-prefix:DU-D01 purpose=dual-user-gate-ALL owner=tristan@tristans-mini
LOCKED title-prefix:DU-D01-1790125478 purpose=dual-user-gate-ALL owner=tristan@tristans-mini
[09:06:55 dual-user]Resolved DU_TASK_ID=ec3e2dbb-5589-4e0e-9018-ff71559b30f8
[09:07:03 dual-user]Metro OK (attempt 1)
[09:07:03 dual-user]PHASE D01-decline attempt=1/2 udid=F537DDA8… flow=DU-D01-assignee-decline.yaml title=DU-D01-1790125478 taskId=ec3e2dbb-5589-4e0e-9018-ff71559b30f8
[09:07:03 run-local.sh] Phase: maestro-launch  MAESTRO_BIN=/Volumes/KooDrive/Users/tristan/.maestro/bin/maestro  MAESTRO_LOCAL_HOME=/Volumes/KooDrive/InsiteApp/.cache/maestro-home-dual-user
[09:07:03 run-local.sh]   args: --udid F537DDA8-E83B-4A29-AF38-ACC8EC64F0DA test -e DU_TASK_TITLE=DU-D01-1790125478 -e DU_TASK_ID=ec3e2dbb-5589-4e0e-9018-ff71559b30f8 -e DU_JOHN_ID=efaf817c-4502-4fd0-a2f4-2723c82b52bd -e DU_ALICE_ID=aebc58fa-1a20-40fb-b2d9-82209980733a /Volumes/KooDrive/InsiteApp/maestro/flows/dual-user/DU-D01-assignee-decline.yaml
[09:07:13 run-local.sh]   ALIVE pid=90601  elapsed=10s  (heartbeat every 10s)
Running on iPhone 16 - iOS 26.5 - F537DDA8-E83B-4A29-AF38-ACC8EC64F0DA
 > Flow DU-D01-assignee-decline
Run _resume-alice.yaml...
  Launch app "com.buildtrack.app.local"... COMPLETED
  Assert that id: app-screen-header__profile-trigger is visible... COMPLETED
  Run flow when id: login-submit is visible...
[09:07:23 run-local.sh]   ALIVE pid=90601  elapsed=20s  (heartbeat every 10s)
  Run flow when id: login-submit is visible... SKIPPED
  Assert that id: dashboard-screen__root is visible... COMPLETED
  Run ../create-task-photo/_assert-no-logbox.yaml...
    Wait for animation to end within 1500 ms... COMPLETED
  Run ../create-task-photo/_assert-no-logbox.yaml... COMPLETED
Run _resume-alice.yaml... COMPLETED
Run _open-task-by-title.yaml...
  Run ../_dismiss-blocking-overlays.yaml...
    Run flow when "Save Password?" is visible...
    Run flow when "Save Password?" is visible... SKIPPED
    Run flow when "Save Password" is visible...
    Run flow when "Save Password" is visible... SKIPPED
    Run flow when "Choose how you want to add photos" is visible...
    Run flow when "Choose how you want to add photos" is visible... SKIPPED
    Run flow when "Allow Full Access" is visible...
[09:07:33 run-local.sh]   ALIVE pid=90601  elapsed=30s  (heartbeat every 10s)
    Run flow when "Allow Full Access" is visible... SKIPPED
    Run flow when "Allow Access to All Photos" is visible...
    Run flow when "Allow Access to All Photos" is visible... SKIPPED
    Run flow when "Allow.*Photos.*" is visible...
    Run flow when "Allow.*Photos.*" is visible... SKIPPED
    Repeat 3 times...
      Tap on (Optional) "Dismiss"... WARNED
    Repeat 3 times... COMPLETED
    Run flow when "OK" is visible...
    Run flow when "OK" is visible... SKIPPED
    Wait for animation to end within 1000 ms... COMPLETED
  Run ../_dismiss-blocking-overlays.yaml... COMPLETED
  Run flow when id: task-detail__header_title is not visible...
    Run flow when id: tasks-screen__task_list is not visible...
      Tap on (Optional) id: root-tab__tasks... COMPLETED
      Tap on (Optional) id: root-tab__tasks_pressable... COMPLETED
      Wait for animation to end within 1500 ms... COMPLETED
    Run flow when id: tasks-screen__task_list is not visible... COMPLETED
    Assert that id: tasks-screen__task_list is visible... COMPLETED
    Run _pull-to-refresh-tasks.yaml...
      Tap on id: root-tab__tasks_pressable... COMPLETED
      Assert that id: tasks-screen__task_list is visible... COMPLETED
      Swipe from (50%, 28%) to (50%, 78%) in 1200 ms...[09:07:43 run-local.sh]   ALIVE pid=90601  elapsed=40s  (heartbeat every 10s)
 COMPLETED
      Wait for animation to end within 4000 ms... COMPLETED
    Run _pull-to-refresh-tasks.yaml... COMPLETED
    Tap on (Optional) id: tasks-screen__header_reset_filters...[09:07:53 run-local.sh]   ALIVE pid=90601  elapsed=50s  (heartbeat every 10s)
 WARNED
    Wait for animation to end within 1500 ms... COMPLETED
    Tap on id: text-field:tasks-search__input... COMPLETED
    Tap on (Optional) id: text-field:tasks-search__right-slot... COMPLETED
    Input text ${DU_TASK_TITLE}... COMPLETED
    Tap on point (50%, 8%)... COMPLETED
    Wait for animation to end within 800 ms... COMPLETED
    Run flow when id: ${"tasks-screen__row_" + DU_TASK_ID} is not visible...
[09:08:03 run-local.sh]   ALIVE pid=90601  elapsed=60s  (heartbeat every 10s)
    Run flow when id: tasks-screen__row_ec3e2dbb-5589-4e0e-9018-ff71559b30f8 is not visible... SKIPPED
    Scrolling DOWN until id: ${"tasks-screen__row_" + DU_TASK_ID} is visible with speed 60, visibility percentage 40%, timeout 12000 ms, with centering enabled... COMPLETED
    Tap on id: ${"tasks-screen__row_" + DU_TASK_ID + ":title-pressable"}... COMPLETED
    Run flow when id: task-detail__header_title is not visible...
      Tap on id: ${"tasks-screen__row_" + DU_TASK_ID}... COMPLETED
    Run flow when id: task-detail__header_title is not visible... COMPLETED
    Wait for animation to end within 2500 ms... COMPLETED
  Run flow when id: task-detail__header_title is not visible... COMPLETED
  Assert that id: task-detail__header_title is visible... COMPLETED
  Assert that "${".*" + DU_TASK_TITLE + ".*"}" is visible... COMPLETED
Run _open-task-by-title.yaml... COMPLETED
Assert that id: task-detail__quick-action-decline_task is visible... COMPLETED
Tap on id: task-detail__quick-action-decline_task... COMPLETED
Wait for animation to end within 1500 ms...[09:08:13 run-local.sh]   ALIVE pid=90601  elapsed=70s  (heartbeat every 10s)
 COMPLETED
Take screenshot du-d01-02-alice-decline-prompt... COMPLETED
Run flow when "Decline Task" is visible...
  Input text Cannot staff this scope this week... COMPLETED
  Tap on "OK"... COMPLETED
Run flow when "Decline Task" is visible... COMPLETED
Tap on (Optional) "OK"...[09:08:23 run-local.sh]   ALIVE pid=90601  elapsed=80s  (heartbeat every 10s)
 WARNED
Wait for animation to end within 3000 ms... COMPLETED
Take screenshot du-d01-03-alice-after-decline... COMPLETED
[09:08:28 run-local.sh]   FINISHED pid=90601  elapsed=85s  rc=0  (PASS)
[09:08:28 dual-user]Phase D01-decline raw rc=0 shots=7 need=2
[09:08:28 dual-user]Phase D01-decline PASS shots=7/2
[09:08:36 dual-user]Metro OK (attempt 1)
[09:08:36 dual-user]PHASE D01-john attempt=1/2 udid=B7B2640C… flow=DU-D01-assigner-sees-decline.yaml title=DU-D01-1790125478 taskId=ec3e2dbb-5589-4e0e-9018-ff71559b30f8
[09:08:36 run-local.sh] Phase: maestro-launch  MAESTRO_BIN=/Volumes/KooDrive/Users/tristan/.maestro/bin/maestro  MAESTRO_LOCAL_HOME=/Volumes/KooDrive/InsiteApp/.cache/maestro-home-dual-user
[09:08:36 run-local.sh]   args: --udid B7B2640C-4738-4F8A-AEEE-5DF3D21D2533 test -e DU_TASK_TITLE=DU-D01-1790125478 -e DU_TASK_ID=ec3e2dbb-5589-4e0e-9018-ff71559b30f8 -e DU_JOHN_ID=efaf817c-4502-4fd0-a2f4-2723c82b52bd -e DU_ALICE_ID=aebc58fa-1a20-40fb-b2d9-82209980733a /Volumes/KooDrive/InsiteApp/maestro/flows/dual-user/DU-D01-assigner-sees-decline.yaml
[09:08:46 run-local.sh]   ALIVE pid=92663  elapsed=10s  (heartbeat every 10s)
Running on iPhone 17 Pro Max - iOS 26.0 - B7B2640C-4738-4F8A-AEEE-5DF3D21D2533
 > Flow DU-D01-assigner-sees-decline
Run _resume-john.yaml...
  Launch app "com.buildtrack.app.local"... COMPLETED
  Assert that id: app-screen-header__profile-trigger is visible... COMPLETED
  Run flow when id: login-submit is visible...
[09:08:56 run-local.sh]   ALIVE pid=92663  elapsed=20s  (heartbeat every 10s)
  Run flow when id: login-submit is visible... SKIPPED
  Assert that id: dashboard-screen__root is visible... COMPLETED
  Run ../create-task-photo/_assert-no-logbox.yaml...
    Wait for animation to end within 1500 ms... COMPLETED
  Run ../create-task-photo/_assert-no-logbox.yaml... COMPLETED
Run _resume-john.yaml... COMPLETED
Run _open-task-by-title.yaml...
  Run ../_dismiss-blocking-overlays.yaml...
    Run flow when "Save Password?" is visible...
[09:09:06 run-local.sh]   ALIVE pid=92663  elapsed=30s  (heartbeat every 10s)
    Run flow when "Save Password?" is visible... SKIPPED
    Run flow when "Save Password" is visible...
    Run flow when "Save Password" is visible... SKIPPED
    Run flow when "Choose how you want to add photos" is visible...
    Run flow when "Choose how you want to add photos" is visible... SKIPPED
    Run flow when "Allow Full Access" is visible...
    Run flow when "Allow Full Access" is visible... SKIPPED
    Run flow when "Allow Access to All Photos" is visible...
    Run flow when "Allow Access to All Photos" is visible... SKIPPED
    Run flow when "Allow.*Photos.*" is visible...
    Run flow when "Allow.*Photos.*" is visible... SKIPPED
    Repeat 3 times...
      Tap on (Optional) "Dismiss"... WARNED
    Repeat 3 times... COMPLETED
    Run flow when "OK" is visible...
    Run flow when "OK" is visible... SKIPPED
    Wait for animation to end within 1000 ms... COMPLETED
  Run ../_dismiss-blocking-overlays.yaml... COMPLETED
  Run flow when id: task-detail__header_title is not visible...
    Run flow when id: tasks-screen__task_list is not visible...
      Tap on (Optional) id: root-tab__tasks...[09:09:16 run-local.sh]   ALIVE pid=92663  elapsed=40s  (heartbeat every 10s)
 COMPLETED
      Tap on (Optional) id: root-tab__tasks_pressable... COMPLETED
      Wait for animation to end within 1500 ms... COMPLETED
    Run flow when id: tasks-screen__task_list is not visible... COMPLETED
    Assert that id: tasks-screen__task_list is visible... COMPLETED
    Run _pull-to-refresh-tasks.yaml...
      Tap on id: root-tab__tasks_pressable... COMPLETED
      Assert that id: tasks-screen__task_list is visible... COMPLETED
      Swipe from (50%, 28%) to (50%, 78%) in 1200 ms... COMPLETED
      Wait for animation to end within 4000 ms... COMPLETED
    Run _pull-to-refresh-tasks.yaml... COMPLETED
    Tap on (Optional) id: tasks-screen__header_reset_filters...[09:09:26 run-local.sh]   ALIVE pid=92663  elapsed=50s  (heartbeat every 10s)
 WARNED
    Wait for animation to end within 1500 ms... COMPLETED
    Tap on id: text-field:tasks-search__input... COMPLETED
    Tap on (Optional) id: text-field:tasks-search__right-slot... COMPLETED
    Input text ${DU_TASK_TITLE}...[09:09:36 run-local.sh]   ALIVE pid=92663  elapsed=60s  (heartbeat every 10s)
 COMPLETED
    Tap on point (50%, 8%)... COMPLETED
    Wait for animation to end within 800 ms... COMPLETED
    Run flow when id: ${"tasks-screen__row_" + DU_TASK_ID} is not visible...
[09:09:46 run-local.sh]   ALIVE pid=92663  elapsed=70s  (heartbeat every 10s)
    Run flow when id: tasks-screen__row_ec3e2dbb-5589-4e0e-9018-ff71559b30f8 is not visible... SKIPPED
    Scrolling DOWN until id: ${"tasks-screen__row_" + DU_TASK_ID} is visible with speed 60, visibility percentage 40%, timeout 12000 ms, with centering enabled... COMPLETED
    Tap on id: ${"tasks-screen__row_" + DU_TASK_ID + ":title-pressable"}... COMPLETED
    Run flow when id: task-detail__header_title is not visible...
      Tap on id: ${"tasks-screen__row_" + DU_TASK_ID}... COMPLETED
    Run flow when id: task-detail__header_title is not visible... COMPLETED
    Wait for animation to end within 2500 ms... COMPLETED
  Run flow when id: task-detail__header_title is not visible... COMPLETED
  Assert that id: task-detail__header_title is visible... COMPLETED
  Assert that "${".*" + DU_TASK_TITLE + ".*"}" is visible... COMPLETED
Run _open-task-by-title.yaml... COMPLETED
Assert that id: task-detail__quick-action-accept_task is not visible... COMPLETED
Assert that id: task-detail__reassign is visible... COMPLETED
Run flow when id: task-detail__status_chips__toggle is visible...
  Tap on id: task-detail__status_chips__toggle... COMPLETED
  Wait for animation to end within 800 ms... COMPLETED
Run flow when id: task-detail__status_chips__toggle is visible... COMPLETED
Run flow when "Declined" is visible...
  Take screenshot du-d01-04-john-status-declined... COMPLETED
Run flow when "Declined" is visible... COMPLETED
Take screenshot du-d01-04-john-sees-declined... COMPLETED
[09:09:55 run-local.sh]   FINISHED pid=92663  elapsed=79s  rc=0  (PASS)
[09:09:55 dual-user]Phase D01-john raw rc=0 shots=6 need=1
[09:09:55 dual-user]Phase D01-john PASS shots=6/1
[09:09:55 dual-user]DU-D01 PASS title=DU-D01-1790125478
[09:09:55 dual-user]===== DUAL-USER GATE PASS =====
[09:09:55 dual-user]Artifacts: /Volumes/KooDrive/InsiteApp/.cache/maestro-artifacts/dual-user-20260923_085248
RELEASED project:project-a
RELEASED seed:dual-user
RELEASED task:0c063942-5706-4b33-b18a-fb886f34d958
RELEASED task:ec3e2dbb-5589-4e0e-9018-ff71559b30f8
RELEASED title-prefix:DU-D01-1790125478
RELEASED title-prefix:DU-D01
RELEASED title-prefix:DU-H01-1790124962
RELEASED title-prefix:DU-H01
RELEASED user:alice.workera1
RELEASED user:john.managera
Released 10 resource lock(s) for owner=tristan@tristans-mini
RELEASED B7B2640C-4738-4F8A-AEEE-5DF3D21D2533
RELEASED F537DDA8-E83B-4A29-AF38-ACC8EC64F0DA
Released 2 lock(s) for owner=tristan@tristans-mini
