=== Update Progress photo ONE: U01-single-photo.yaml ===
UDID=B7B2640C-4738-4F8A-AEEE-5DF3D21D2533
----- CLAIM sim + resources -----
LOCKED B7B2640C-4738-4F8A-AEEE-5DF3D21D2533 (iPhone 17 Pro Max) purpose=update-progress-photo-one:U01-single-photo.yaml owner=tristan@tristans-mini
----- API SEED task (skip Create Task UI) -----
LOCKED user:bob.workera2 purpose=update-progress-photo-one:U01-single-photo.yaml owner=tristan@tristans-mini
LOCKED seed:update-progress purpose=update-progress-photo-one:U01-single-photo.yaml owner=tristan@tristans-mini
LOCKED project:project-a purpose=update-progress-photo-one:U01-single-photo.yaml owner=tristan@tristans-mini
SEED_OK title=Maestro UP Photo 1790120370058 taskId=239a445b-0a23-495b-a9be-8133df27a80f actor=john.managera@test.com assignedBy=john.managera@test.com status=new
WROTE /Volumes/KooDrive/InsiteApp/.cache/maestro-up-seed.env
LOCKED task:239a445b-0a23-495b-a9be-8133df27a80f purpose=update-progress-photo-one:U01-single-photo.yaml owner=tristan@tristans-mini
LOCKED title-prefix:Maestro UP Photo 1790120370058 purpose=update-progress-photo-one:U01-single-photo.yaml owner=tristan@tristans-mini
UP_SEED_TITLE=Maestro UP Photo 1790120370058
UP_SEED_TASK_ID=239a445b-0a23-495b-a9be-8133df27a80f
----- ENSURE sim Photos -----
ensure-create-task-photo-media: udid=B7B2640C-4738-4F8A-AEEE-5DF3D21D2533
  media=/Volumes/KooDrive/Users/tristan/Library/Developer/CoreSimulator/Devices/B7B2640C-4738-4F8A-AEEE-5DF3D21D2533/data/Media
  need=3 unique_fixtures=3 dcim_total=3 force_purge=0
  REUSE: library already has exactly 3 distinct fixtures (total=3)
----- RUN U01-single-photo.yaml -----
[07:39:31 run-local.sh] Phase: maestro-launch  MAESTRO_BIN=/Volumes/KooDrive/Users/tristan/.maestro/bin/maestro  MAESTRO_LOCAL_HOME=/Volumes/KooDrive/InsiteApp/.cache/maestro-home
[07:39:31 run-local.sh]   args: --udid B7B2640C-4738-4F8A-AEEE-5DF3D21D2533 test -e UP_SEED_TITLE=Maestro UP Photo 1790120370058 -e UP_SEED_TASK_ID=239a445b-0a23-495b-a9be-8133df27a80f /Volumes/KooDrive/InsiteApp/maestro/flows/update-progress-photo/U01-single-photo.yaml
[07:39:41 run-local.sh]   ALIVE pid=18454  elapsed=10s  (heartbeat every 10s)
Running on iPhone 17 Pro Max - iOS 26.0 - B7B2640C-4738-4F8A-AEEE-5DF3D21D2533
 > Flow U01-single-photo
Run ${output.permutation = "U01"}... COMPLETED
Run _boot.yaml...
  Run ../create-task-photo/_boot.yaml...
    Launch app "com.buildtrack.app.local"...[07:39:51 run-local.sh]   ALIVE pid=18454  elapsed=20s  (heartbeat every 10s)
 COMPLETED
    Run ../_dismiss-blocking-overlays.yaml...
      Run flow when "Save Password?" is visible...
      Run flow when "Save Password?" is visible... SKIPPED
      Run flow when "Save Password" is visible...
      Run flow when "Save Password" is visible... SKIPPED
      Run flow when "Choose how you want to add photos" is visible...
      Run flow when "Choose how you want to add photos" is visible... SKIPPED
      Run flow when "Allow Full Access" is visible...
      Run flow when "Allow Full Access" is visible... SKIPPED
      Run flow when "Allow Access to All Photos" is visible...
      Run flow when "Allow Access to All Photos" is visible... SKIPPED
      Run flow when "Allow.*Photos.*" is visible...
      Run flow when "Allow.*Photos.*" is visible... SKIPPED
      Repeat 3 times...
        Tap on (Optional) "Dismiss"... WARNED
[07:40:01 run-local.sh]   ALIVE pid=18454  elapsed=30s  (heartbeat every 10s)
      Repeat 3 times... COMPLETED
      Run flow when "OK" is visible...
      Run flow when "OK" is visible... SKIPPED
      Wait for animation to end within 1000 ms... COMPLETED
    Run ../_dismiss-blocking-overlays.yaml... COMPLETED
    Run flow when id: login-submit is not visible...
      Run ../_logout.yaml...
        Run _dismiss-blocking-overlays.yaml...
          Run flow when "Save Password?" is visible...
          Run flow when "Save Password?" is visible... SKIPPED
          Run flow when "Save Password" is visible...
          Run flow when "Save Password" is visible... SKIPPED
          Run flow when "Choose how you want to add photos" is visible...
          Run flow when "Choose how you want to add photos" is visible... SKIPPED
          Run flow when "Allow Full Access" is visible...
          Run flow when "Allow Full Access" is visible... SKIPPED
          Run flow when "Allow Access to All Photos" is visible...
[07:40:11 run-local.sh]   ALIVE pid=18454  elapsed=40s  (heartbeat every 10s)
          Run flow when "Allow Access to All Photos" is visible... SKIPPED
          Run flow when "Allow.*Photos.*" is visible...
          Run flow when "Allow.*Photos.*" is visible... SKIPPED
          Repeat 3 times...
            Tap on (Optional) "Dismiss"... WARNED
          Repeat 3 times... COMPLETED
          Run flow when "OK" is visible...
          Run flow when "OK" is visible... SKIPPED
          Wait for animation to end within 1000 ms... COMPLETED
        Run _dismiss-blocking-overlays.yaml... COMPLETED
        Run flow when "Are you sure you want to logout?" is visible...
[07:40:21 run-local.sh]   ALIVE pid=18454  elapsed=50s  (heartbeat every 10s)
        Run flow when "Are you sure you want to logout?" is visible... SKIPPED
        Run flow when id: login-submit is not visible...
          Tap on id: app-screen-header__profile-trigger... COMPLETED
          Assert that id: profile-menu-logout is visible... COMPLETED
          Tap on id: profile-menu-logout... COMPLETED
          Assert that "Are you sure you want to logout?" is visible... COMPLETED
          Tap on "Logout", Index: 1... COMPLETED
          Run flow when "Are you sure you want to logout?" is visible...
[07:40:31 run-local.sh]   ALIVE pid=18454  elapsed=60s  (heartbeat every 10s)
          Run flow when "Are you sure you want to logout?" is visible... SKIPPED
          Assert that id: login-submit is visible... COMPLETED
          Wait for animation to end within 2000 ms... COMPLETED
        Run flow when id: login-submit is not visible... COMPLETED
      Run ../_logout.yaml... COMPLETED
    Run flow when id: login-submit is not visible... COMPLETED
    Assert that id: login-submit is visible... COMPLETED
    Tap on id: ^login-emailOrPhone$... COMPLETED
    Erase text... COMPLETED
    Input text john.managera@test.com...[07:40:41 run-local.sh]   ALIVE pid=18454  elapsed=70s  (heartbeat every 10s)
 COMPLETED
    Tap on id: ^login-password$... COMPLETED
    Erase text... COMPLETED
    Input text password123... COMPLETED
    Tap on id: login-submit... COMPLETED
    Run flow when "Save Password?" is visible...
[07:40:51 run-local.sh]   ALIVE pid=18454  elapsed=80s  (heartbeat every 10s)
    Run flow when "Save Password?" is visible... SKIPPED
    Run flow when id: admin-overview-hero is visible...
    Run flow when id: admin-overview-hero is visible... SKIPPED
    Tap on (Optional) "Not Now"... WARNED
    Run flow when "Save Password?" is visible...
    Run flow when "Save Password?" is visible... SKIPPED
    Assert that id: dashboard-screen__root is visible... COMPLETED
    Run _assert-no-logbox.yaml...
      Wait for animation to end within 1500 ms... COMPLETED
    Run _assert-no-logbox.yaml... COMPLETED
    Assert that id: root-tab__camera_icon_surface is visible... COMPLETED
  Run ../create-task-photo/_boot.yaml... COMPLETED
Run _boot.yaml... COMPLETED
Run _ensure-project.yaml...
  Run ../_dismiss-blocking-overlays.yaml...
    Run flow when "Save Password?" is visible...
[07:41:01 run-local.sh]   ALIVE pid=18454  elapsed=90s  (heartbeat every 10s)
    Run flow when "Save Password?" is visible... SKIPPED
    Run flow when "Save Password" is visible...
    Run flow when "Save Password" is visible... SKIPPED
    Run flow when "Choose how you want to add photos" is visible...
    Run flow when "Choose how you want to add photos" is visible... SKIPPED
    Run flow when "Allow Full Access" is visible...
    Run flow when "Allow Full Access" is visible... SKIPPED
    Run flow when "Allow Access to All Photos" is visible...
    Run flow when "Allow Access to All Photos" is visible... SKIPPED
    Run flow when "Allow.*Photos.*" is visible...
    Run flow when "Allow.*Photos.*" is visible... SKIPPED
    Repeat 3 times...
      Tap on (Optional) "Dismiss"... WARNED
    Repeat 3 times... COMPLETED
    Run flow when "OK" is visible...
    Run flow when "OK" is visible... SKIPPED
    Wait for animation to end within 1000 ms... COMPLETED
  Run ../_dismiss-blocking-overlays.yaml... COMPLETED
  Tap on (Optional) id: root-tab__activity... COMPLETED
  Assert that id: dashboard-screen__root is visible... COMPLETED
  Run flow when ".*Project A - Commercial Building.*" is not visible...
[07:41:11 run-local.sh]   ALIVE pid=18454  elapsed=100s  (heartbeat every 10s)
  Run flow when ".*Project A - Commercial Building.*" is not visible... SKIPPED
  Assert that ".*Project A - Commercial Building.*" is visible... COMPLETED
  Assert that id: dashboard-screen__root is visible... COMPLETED
  Run ../create-task-photo/_assert-no-logbox.yaml...
    Wait for animation to end within 1500 ms... COMPLETED
  Run ../create-task-photo/_assert-no-logbox.yaml... COMPLETED
Run _ensure-project.yaml... COMPLETED
Run _seed-task-open-update.yaml...
  Run flow when "Choose how you want to add photos" is visible...
[07:41:21 run-local.sh]   ALIVE pid=18454  elapsed=110s  (heartbeat every 10s)
  Run flow when "Choose how you want to add photos" is visible... SKIPPED
  Repeat 4 times...
    Tap on (Optional) "Dismiss"... WARNED
  Repeat 4 times... COMPLETED
  Tap on id: root-tab__tasks_pressable... COMPLETED
  Assert that id: tasks-screen__root is visible... COMPLETED
  Run flow when id: tasks-screen__task_list is not visible...
[07:41:31 run-local.sh]   ALIVE pid=18454  elapsed=120s  (heartbeat every 10s)
  Run flow when id: tasks-screen__task_list is not visible... SKIPPED
  Assert that id: tasks-screen__task_list is visible... COMPLETED
  Run flow when id: tasks-screen__header_reset_filters is visible...
  Run flow when id: tasks-screen__header_reset_filters is visible... SKIPPED
  Tap on id: text-field:tasks-search__input... COMPLETED
  Input text ${UP_SEED_TITLE}... COMPLETED
  Tap on point (50%, 8%)... COMPLETED
  Wait for animation to end within 800 ms... COMPLETED
  Run flow when id: tasks-screen__root is visible...
    Run flow when id: ${"tasks-screen__row_" + UP_SEED_TASK_ID} is not visible...
      Run flow when id: tasks-screen__header_reset_filters is visible...
[07:41:41 run-local.sh]   ALIVE pid=18454  elapsed=130s  (heartbeat every 10s)
      Run flow when id: tasks-screen__header_reset_filters is visible... SKIPPED
      Tap on id: text-field:tasks-search__input... COMPLETED
      Input text ${UP_SEED_TITLE}... COMPLETED
      Tap on point (50%, 8%)...[07:41:51 run-local.sh]   ALIVE pid=18454  elapsed=140s  (heartbeat every 10s)
 COMPLETED
      Wait for animation to end within 800 ms... COMPLETED
    Run flow when id: tasks-screen__row_239a445b-0a23-495b-a9be-8133df27a80f is not visible... COMPLETED
    Assert that id: ${"tasks-screen__row_" + UP_SEED_TASK_ID} is visible...[07:42:01 run-local.sh]   ALIVE pid=18454  elapsed=150s  (heartbeat every 10s)
[07:42:11 run-local.sh]   ALIVE pid=18454  elapsed=160s  (heartbeat every 10s)
 FAILED
  Run flow when id: tasks-screen__root is visible... FAILED
Run _seed-task-open-update.yaml... FAILED

Assertion is false: id: tasks-screen__row_239a445b-0a23-495b-a9be-8133df27a80f is visible

Assertion 'id: tasks-screen__row_239a445b-0a23-495b-a9be-8133df27a80f is visible' failed. Check the UI hierarchy in debug artifacts to verify the element state and properties.

Possible causes:
- Element selector may be incorrect - check if there are similar elements with slightly different names/properties.
- Element may be temporarily unavailable due to loading state
- This could be a real regression that needs to be addressed

==== Debug output (logs & screenshots) ====

/Volumes/KooDrive/InsiteApp/.cache/maestro-home/.maestro/tests/2026-09-23_073932
╭────────────────────────────────────────────────────────────────────────────────────────────────╮
│                                                                                                │
│   Debug tests faster by easy access to test recordings, maestro logs, screenshots, and more.   │
│                                                                                                │
│   Run your flows on Maestro Cloud:                                                             │
│   maestro cloud app_file flows_folder/                                                         │
│                                                                                                │
╰────────────────────────────────────────────────────────────────────────────────────────────────╯

[07:42:21 run-local.sh]   ALIVE pid=18454  elapsed=170s  (heartbeat every 10s)
FINISHED U01-single-photo.yaml rc=1
